Archive member included because of file (symbol)

c:/program files (x86)/emblocks/2.30/share/em_armgcc/bin/../lib/gcc/arm-none-eabi/4.7.3/armv7-m\libgcc.a(_arm_addsubdf3.o)
                              obj\release\src\main.o (__aeabi_f2d)
c:/program files (x86)/emblocks/2.30/share/em_armgcc/bin/../lib/gcc/arm-none-eabi/4.7.3/armv7-m\libgcc.a(_arm_muldivdf3.o)
                              obj\release\src\power_management.o (__aeabi_dmul)
c:/program files (x86)/emblocks/2.30/share/em_armgcc/bin/../lib/gcc/arm-none-eabi/4.7.3/armv7-m\libgcc.a(_arm_fixdfsi.o)
                              obj\release\src\main.o (__aeabi_d2iz)
c:/program files (x86)/emblocks/2.30/share/em_armgcc/bin/../lib/gcc/arm-none-eabi/4.7.3/armv7-m\libgcc.a(_arm_truncdfsf2.o)
                              obj\release\src\power_management.o (__aeabi_d2f)
c:/program files (x86)/emblocks/2.30/share/em_armgcc/bin/../lib/gcc/arm-none-eabi/4.7.3/armv7-m\libgcc.a(_arm_addsubsf3.o)
                              obj\release\src\main.o (__aeabi_fsub)
c:/program files (x86)/emblocks/2.30/share/em_armgcc/bin/../lib/gcc/arm-none-eabi/4.7.3/armv7-m\libgcc.a(_arm_muldivsf3.o)
                              obj\release\src\main.o (__aeabi_fmul)
c:/program files (x86)/emblocks/2.30/share/em_armgcc/bin/../lib/gcc/arm-none-eabi/4.7.3/armv7-m\libgcc.a(_arm_cmpsf2.o)
                              obj\release\src\main.o (__aeabi_fcmpeq)
c:/program files (x86)/emblocks/2.30/share/em_armgcc/bin/../lib/gcc/arm-none-eabi/4.7.3/armv7-m\libgcc.a(_arm_fixsfsi.o)
                              obj\release\src\main.o (__aeabi_f2iz)
c:/program files (x86)/emblocks/2.30/share/em_armgcc/bin/../lib/gcc/arm-none-eabi/4.7.3/../../../../arm-none-eabi/lib/armv7-m\libc_n.a(lib_a-exit.o)
                              c:/program files (x86)/emblocks/2.30/share/em_armgcc/bin/../lib/gcc/arm-none-eabi/4.7.3/../../../../arm-none-eabi/lib/armv7-m/crt0.o (exit)
c:/program files (x86)/emblocks/2.30/share/em_armgcc/bin/../lib/gcc/arm-none-eabi/4.7.3/../../../../arm-none-eabi/lib/armv7-m\libc_n.a(lib_a-impure.o)
                              c:/program files (x86)/emblocks/2.30/share/em_armgcc/bin/../lib/gcc/arm-none-eabi/4.7.3/../../../../arm-none-eabi/lib/armv7-m\libc_n.a(lib_a-exit.o) (_global_impure_ptr)
c:/program files (x86)/emblocks/2.30/share/em_armgcc/bin/../lib/gcc/arm-none-eabi/4.7.3/../../../../arm-none-eabi/lib/armv7-m\libc_n.a(lib_a-init.o)
                              c:/program files (x86)/emblocks/2.30/share/em_armgcc/bin/../lib/gcc/arm-none-eabi/4.7.3/../../../../arm-none-eabi/lib/armv7-m/crt0.o (__libc_init_array)
c:/program files (x86)/emblocks/2.30/share/em_armgcc/bin/../lib/gcc/arm-none-eabi/4.7.3/../../../../arm-none-eabi/lib/armv7-m\libc_n.a(lib_a-memset.o)
                              c:/program files (x86)/emblocks/2.30/share/em_armgcc/bin/../lib/gcc/arm-none-eabi/4.7.3/../../../../arm-none-eabi/lib/armv7-m/crt0.o (memset)
c:/program files (x86)/emblocks/2.30/share/em_armgcc/bin/../lib/gcc/arm-none-eabi/4.7.3/../../../../arm-none-eabi/lib/armv7-m\libnosys.a(_exit.o)
                              c:/program files (x86)/emblocks/2.30/share/em_armgcc/bin/../lib/gcc/arm-none-eabi/4.7.3/../../../../arm-none-eabi/lib/armv7-m\libc_n.a(lib_a-exit.o) (_exit)

Allocating common symbols
Common symbol       size              file

MOTOR_PHC           0x4               obj\release\src\main.o
MOTOR_PHA           0x4               obj\release\src\main.o
TIM_TimeBaseStructure
                    0xa               obj\release\src\rc5_ir_emul_receiver.o
RC5_data            0x1a              obj\release\src\rc5_ir_emul_receiver.o
MOTOR_PHD           0x4               obj\release\src\main.o
MOTOR_PHB           0x4               obj\release\src\main.o
RC5_Frame           0x3               obj\release\src\main.o

Discarded input sections

 .text          0x00000000        0x0 c:/program files (x86)/emblocks/2.30/share/em_armgcc/bin/../lib/gcc/arm-none-eabi/4.7.3/armv7-m/crti.o
 .data          0x00000000        0x0 c:/program files (x86)/emblocks/2.30/share/em_armgcc/bin/../lib/gcc/arm-none-eabi/4.7.3/armv7-m/crti.o
 .bss           0x00000000        0x0 c:/program files (x86)/emblocks/2.30/share/em_armgcc/bin/../lib/gcc/arm-none-eabi/4.7.3/armv7-m/crti.o
 .data          0x00000000        0x4 c:/program files (x86)/emblocks/2.30/share/em_armgcc/bin/../lib/gcc/arm-none-eabi/4.7.3/armv7-m/crtbegin.o
 .data          0x00000000        0x0 c:/program files (x86)/emblocks/2.30/share/em_armgcc/bin/../lib/gcc/arm-none-eabi/4.7.3/../../../../arm-none-eabi/lib/armv7-m/crt0.o
 .bss           0x00000000        0x0 c:/program files (x86)/emblocks/2.30/share/em_armgcc/bin/../lib/gcc/arm-none-eabi/4.7.3/../../../../arm-none-eabi/lib/armv7-m/crt0.o
 .ARM.extab     0x00000000        0x0 c:/program files (x86)/emblocks/2.30/share/em_armgcc/bin/../lib/gcc/arm-none-eabi/4.7.3/../../../../arm-none-eabi/lib/armv7-m/crt0.o
[...]
Memory Configuration

Name             Origin             Length             Attributes
ROM              0x08000000         0x00020000         xr
RAM              0x20000000         0x00005000         xrw
*default*        0x00000000         0xffffffff

Linker script and memory map

LOAD c:/program files (x86)/emblocks/2.30/share/em_armgcc/bin/../lib/gcc/arm-none-eabi/4.7.3/armv7-m/crti.o
LOAD c:/program files (x86)/emblocks/2.30/share/em_armgcc/bin/../lib/gcc/arm-none-eabi/4.7.3/armv7-m/crtbegin.o
LOAD c:/program files (x86)/emblocks/2.30/share/em_armgcc/bin/../lib/gcc/arm-none-eabi/4.7.3/../../../../arm-none-eabi/lib/armv7-m/crt0.o
                0x00000000                __HEAP_SIZE = 0x0
                0x00000100                __STACK_SIZE = 0x100

.text           0x08000000     0x2fc0
 *(.isr_vector)
 .isr_vector    0x08000000       0xec obj\release\src\startup_stm32f10x_md.o
                0x08000000                __isr_vector
 *(.text*)
 .text          0x080000ec       0x54 c:/program files (x86)/emblocks/2.30/share/em_armgcc/bin/../lib/gcc/arm-none-eabi/4.7.3/armv7-m/crtbegin.o
 .text          0x08000140       0x74 c:/program files (x86)/emblocks/2.30/share/em_armgcc/bin/../lib/gcc/arm-none-eabi/4.7.3/../../../../arm-none-eabi/lib/armv7-m/crt0.o
                0x08000140                _start
                0x08000140                _mainCRTStartup
 .text.NVIC_Init
                0x080001b4       0x7c obj\release\spl\src\misc.o
                0x080001b4                NVIC_Init
 .text.ADC_DeInit
                0x08000230       0x70 obj\release\spl\src\stm32f10x_adc.o
                0x08000230                ADC_DeInit
 .text.ADC_Init
                0x080002a0       0x4c obj\release\spl\src\stm32f10x_adc.o
                0x080002a0                ADC_Init
 .text.ADC_StructInit
                0x080002ec       0x14 obj\release\spl\src\stm32f10x_adc.o
                0x080002ec                ADC_StructInit
 .text.ADC_Cmd  0x08000300       0x14 obj\release\spl\src\stm32f10x_adc.o
                0x08000300                ADC_Cmd
 .text.ADC_StartCalibration
                0x08000314        0xc obj\release\spl\src\stm32f10x_adc.o
                0x08000314                ADC_StartCalibration
 .text.ADC_GetCalibrationStatus
                0x08000320        0x8 obj\release\spl\src\stm32f10x_adc.o
                0x08000320                ADC_GetCalibrationStatus
 .text.ADC_SoftwareStartConvCmd
                0x08000328       0x14 obj\release\spl\src\stm32f10x_adc.o
                0x08000328                ADC_SoftwareStartConvCmd
 .text.ADC_RegularChannelConfig
                0x0800033c       0x98 obj\release\spl\src\stm32f10x_adc.o
                0x0800033c                ADC_RegularChannelConfig
 .text.ADC_GetConversionValue
                0x080003d4        0x8 obj\release\spl\src\stm32f10x_adc.o
                0x080003d4                ADC_GetConversionValue
 .text.EXTI_Init
                0x080003dc       0x8c obj\release\spl\src\stm32f10x_exti.o
                0x080003dc                EXTI_Init
 .text.EXTI_GetITStatus
                0x08000468       0x20 obj\release\spl\src\stm32f10x_exti.o
                0x08000468                EXTI_GetITStatus
 .text.EXTI_ClearITPendingBit
                0x08000488        0xc obj\release\spl\src\stm32f10x_exti.o
                0x08000488                EXTI_ClearITPendingBit
 .text.GPIO_Init
                0x08000494       0xc8 obj\release\spl\src\stm32f10x_gpio.o
                0x08000494                GPIO_Init
 .text.GPIO_SetBits
                0x0800055c        0x4 obj\release\spl\src\stm32f10x_gpio.o
                0x0800055c                GPIO_SetBits
 .text.GPIO_ResetBits
                0x08000560        0x4 obj\release\spl\src\stm32f10x_gpio.o
                0x08000560                GPIO_ResetBits
 .text.GPIO_PinRemapConfig
                0x08000564       0x78 obj\release\spl\src\stm32f10x_gpio.o
                0x08000564                GPIO_PinRemapConfig
 .text.GPIO_EXTILineConfig
                0x080005dc       0x38 obj\release\spl\src\stm32f10x_gpio.o
                0x080005dc                GPIO_EXTILineConfig
 .text.I2C_Init
                0x08000614       0xe0 obj\release\spl\src\stm32f10x_i2c.o
                0x08000614                I2C_Init
 .text.I2C_StructInit
                0x080006f4       0x1c obj\release\spl\src\stm32f10x_i2c.o
                0x080006f4                I2C_StructInit
 .text.I2C_Cmd  0x08000710       0x1c obj\release\spl\src\stm32f10x_i2c.o
                0x08000710                I2C_Cmd
 .text.I2C_GenerateSTART
                0x0800072c       0x1c obj\release\spl\src\stm32f10x_i2c.o
                0x0800072c                I2C_GenerateSTART
 .text.I2C_GenerateSTOP
                0x08000748       0x1c obj\release\spl\src\stm32f10x_i2c.o
                0x08000748                I2C_GenerateSTOP
 .text.I2C_SendData
                0x08000764        0x4 obj\release\spl\src\stm32f10x_i2c.o
                0x08000764                I2C_SendData
 .text.I2C_Send7bitAddress
                0x08000768       0x14 obj\release\spl\src\stm32f10x_i2c.o
                0x08000768                I2C_Send7bitAddress
 .text.I2C_CheckEvent
                0x0800077c       0x18 obj\release\spl\src\stm32f10x_i2c.o
                0x0800077c                I2C_CheckEvent
 .text.I2C_GetFlagStatus
                0x08000794       0x38 obj\release\spl\src\stm32f10x_i2c.o
                0x08000794                I2C_GetFlagStatus
 .text.RCC_GetClocksFreq
                0x080007cc       0xa8 obj\release\spl\src\stm32f10x_rcc.o
                0x080007cc                RCC_GetClocksFreq
 .text.RCC_APB2PeriphClockCmd
                0x08000874       0x1c obj\release\spl\src\stm32f10x_rcc.o
                0x08000874                RCC_APB2PeriphClockCmd
 .text.RCC_APB1PeriphClockCmd
                0x08000890       0x1c obj\release\spl\src\stm32f10x_rcc.o
                0x08000890                RCC_APB1PeriphClockCmd
 .text.RCC_APB2PeriphResetCmd
                0x080008ac       0x1c obj\release\spl\src\stm32f10x_rcc.o
                0x080008ac                RCC_APB2PeriphResetCmd
 .text.RCC_APB1PeriphResetCmd
                0x080008c8       0x1c obj\release\spl\src\stm32f10x_rcc.o
                0x080008c8                RCC_APB1PeriphResetCmd
 .text.TIM_DeInit
                0x080008e4      0x260 obj\release\spl\src\stm32f10x_tim.o
                0x080008e4                TIM_DeInit
 .text.TIM_TimeBaseInit
                0x08000b44       0xc0 obj\release\spl\src\stm32f10x_tim.o
                0x08000b44                TIM_TimeBaseInit
 .text.TIM_OC1Init
                0x08000c04       0xb8 obj\release\spl\src\stm32f10x_tim.o
                0x08000c04                TIM_OC1Init
 .text.TIM_OC2Init
                0x08000cbc       0x94 obj\release\spl\src\stm32f10x_tim.o
                0x08000cbc                TIM_OC2Init
 .text.TIM_OC3Init
                0x08000d50       0x94 obj\release\spl\src\stm32f10x_tim.o
                0x08000d50                TIM_OC3Init
 .text.TIM_OC4Init
                0x08000de4       0x78 obj\release\spl\src\stm32f10x_tim.o
                0x08000de4                TIM_OC4Init
 .text.TIM_BDTRConfig
                0x08000e5c       0x28 obj\release\spl\src\stm32f10x_tim.o
                0x08000e5c                TIM_BDTRConfig
 .text.TIM_TimeBaseStructInit
                0x08000e84       0x14 obj\release\spl\src\stm32f10x_tim.o
                0x08000e84                TIM_TimeBaseStructInit
 .text.TIM_OCStructInit
                0x08000e98       0x14 obj\release\spl\src\stm32f10x_tim.o
                0x08000e98                TIM_OCStructInit
 .text.TIM_BDTRStructInit
                0x08000eac       0x14 obj\release\spl\src\stm32f10x_tim.o
                0x08000eac                TIM_BDTRStructInit
 .text.TIM_Cmd  0x08000ec0       0x1c obj\release\spl\src\stm32f10x_tim.o
                0x08000ec0                TIM_Cmd
 .text.TIM_CtrlPWMOutputs
                0x08000edc       0x20 obj\release\spl\src\stm32f10x_tim.o
                0x08000edc                TIM_CtrlPWMOutputs
 .text.TIM_ITConfig
                0x08000efc       0x14 obj\release\spl\src\stm32f10x_tim.o
                0x08000efc                TIM_ITConfig
 .text.TIM_ForcedOC1Config
                0x08000f10       0x10 obj\release\spl\src\stm32f10x_tim.o
                0x08000f10                TIM_ForcedOC1Config
 .text.TIM_ForcedOC2Config
                0x08000f20       0x14 obj\release\spl\src\stm32f10x_tim.o
                0x08000f20                TIM_ForcedOC2Config
 .text.TIM_ForcedOC3Config
                0x08000f34       0x10 obj\release\spl\src\stm32f10x_tim.o
                0x08000f34                TIM_ForcedOC3Config
 .text.TIM_ForcedOC4Config
                0x08000f44       0x14 obj\release\spl\src\stm32f10x_tim.o
                0x08000f44                TIM_ForcedOC4Config
 .text.TIM_GetITStatus
                0x08000f58       0x18 obj\release\spl\src\stm32f10x_tim.o
                0x08000f58                TIM_GetITStatus
 .text.TIM_ClearITPendingBit
                0x08000f70        0x8 obj\release\spl\src\stm32f10x_tim.o
                0x08000f70                TIM_ClearITPendingBit
 .text.RC5_WaitForNextFallingEdge
                0x08000f78       0x4c obj\release\src\rc5_ir_emul_receiver.o
 .text.RC5_Receiver_Init
                0x08000fc4      0x18c obj\release\src\rc5_ir_emul_receiver.o
                0x08000fc4                RC5_Receiver_Init
 .text.RC5_Sample_Data
                0x08001150       0x94 obj\release\src\rc5_ir_emul_receiver.o
                0x08001150                RC5_Sample_Data
 .text.RC5_MeasureFirstLowDuration
                0x080011e4      0x150 obj\release\src\rc5_ir_emul_receiver.o
                0x080011e4                RC5_MeasureFirstLowDuration
 .text.RC5_Decode
                0x08001334       0xc8 obj\release\src\rc5_ir_emul_receiver.o
                0x08001334                RC5_Decode
 .text.initializeI2C
                0x080013fc       0x94 obj\release\src\led_rgb.o
                0x080013fc                initializeI2C
 .text.setLedI2C
                0x08001490       0xcc obj\release\src\led_rgb.o
                0x08001490                setLedI2C
 .text.setLedIRGB
                0x0800155c       0x4c obj\release\src\led_rgb.o
                0x0800155c                setLedIRGB
 .text.InitializeGPIOOUT
                0x080015a8       0xc4 obj\release\src\main.o
                0x080015a8                InitializeGPIOOUT
 .text.InitializeTimer
                0x0800166c       0xc4 obj\release\src\main.o
                0x0800166c                InitializeTimer
 .text.EnableTimerInterrupt
                0x08001730       0x24 obj\release\src\main.o
                0x08001730                EnableTimerInterrupt
 .text.TIM1_BRK_IRQHandler
                0x08001754       0x1c obj\release\src\main.o
                0x08001754                TIM1_BRK_IRQHandler
 .text.TIM2_IRQHandler
                0x08001770        0x4 obj\release\src\main.o
                0x08001770                TIM2_IRQHandler
 .text.EXTI15_10_IRQHandler
                0x08001774        0x4 obj\release\src\main.o
                0x08001774                EXTI15_10_IRQHandler
 .text.startup.main
                0x08001778      0x4e0 obj\release\src\main.o
                0x08001778                main
 .text.actualizepinstate
                0x08001c58       0x90 obj\release\src\main.o
                0x08001c58                actualizepinstate
 .text.TIM1_UP_IRQHandler
                0x08001ce8      0x1e4 obj\release\src\main.o
                0x08001ce8                TIM1_UP_IRQHandler
 .text.InitializeADC
                0x08001ecc       0x80 obj\release\src\power_management.o
                0x08001ecc                InitializeADC
 *fill*         0x08001f4c        0x4 
 .text.ReadADC  0x08001f50       0x78 obj\release\src\power_management.o
                0x08001f50                ReadADC
 .text          0x08001fc8       0xb0 obj\release\src\startup_stm32f10x_md.o
                0x08001fc8                Reset_Handler
                0x08002018                Default_Handler
                0x0800201a                WWDG_IRQHandler
                0x0800201c                PVD_IRQHandler
                0x0800201e                TAMPER_IRQHandler
                0x08002020                RTC_IRQHandler
                0x08002022                FLASH_IRQHandler
                0x08002024                RCC_IRQHandler
                0x08002026                EXTI0_IRQHandler
                0x08002028                EXTI1_IRQHandler
                0x0800202a                EXTI2_IRQHandler
                0x0800202c                EXTI3_IRQHandler
                0x0800202e                EXTI4_IRQHandler
                0x08002030                DMA1_Channel1_IRQHandler
                0x08002032                DMA1_Channel2_IRQHandler
                0x08002034                DMA1_Channel3_IRQHandler
                0x08002036                DMA1_Channel4_IRQHandler
                0x08002038                DMA1_Channel5_IRQHandler
                0x0800203a                DMA1_Channel6_IRQHandler
                0x0800203c                DMA1_Channel7_IRQHandler
                0x0800203e                ADC1_2_IRQHandler
                0x08002040                USB_HP_CAN1_TX_IRQHandler
                0x08002042                USB_LP_CAN1_RX0_IRQHandler
                0x08002044                CAN1_RX1_IRQHandler
                0x08002046                CAN1_SCE_IRQHandler
                0x08002048                EXTI9_5_IRQHandler
                0x0800204e                TIM1_TRG_COM_IRQHandler
                0x08002050                TIM1_CC_IRQHandler
                0x08002054                TIM3_IRQHandler
                0x08002056                TIM4_IRQHandler
                0x08002058                I2C1_EV_IRQHandler
                0x0800205a                I2C1_ER_IRQHandler
                0x0800205c                I2C2_EV_IRQHandler
                0x0800205e                I2C2_ER_IRQHandler
                0x08002060                SPI1_IRQHandler
                0x08002062                SPI2_IRQHandler
                0x08002064                USART1_IRQHandler
                0x08002066                USART2_IRQHandler
                0x08002068                USART3_IRQHandler
                0x0800206c                RTCAlarm_IRQHandler
                0x0800206e                USBWakeUp_IRQHandler
 .text.NMI_Handler
                0x08002078        0x4 obj\release\src\stm32f10x_it.o
                0x08002078                NMI_Handler
 .text.HardFault_Handler
                0x0800207c        0x4 obj\release\src\stm32f10x_it.o
                0x0800207c                HardFault_Handler
 .text.MemManage_Handler
                0x08002080        0x4 obj\release\src\stm32f10x_it.o
                0x08002080                MemManage_Handler
 .text.BusFault_Handler
                0x08002084        0x4 obj\release\src\stm32f10x_it.o
                0x08002084                BusFault_Handler
 .text.UsageFault_Handler
                0x08002088        0x4 obj\release\src\stm32f10x_it.o
                0x08002088                UsageFault_Handler
 .text.SVC_Handler
                0x0800208c        0x4 obj\release\src\stm32f10x_it.o
                0x0800208c                SVC_Handler
 .text.DebugMon_Handler
                0x08002090        0x4 obj\release\src\stm32f10x_it.o
                0x08002090                DebugMon_Handler
 .text.PendSV_Handler
                0x08002094        0x4 obj\release\src\stm32f10x_it.o
                0x08002094                PendSV_Handler
 .text.SysTick_Handler
                0x08002098        0x4 obj\release\src\stm32f10x_it.o
                0x08002098                SysTick_Handler
 .text          0x0800209c      0x370 c:/program files (x86)/emblocks/2.30/share/em_armgcc/bin/../lib/gcc/arm-none-eabi/4.7.3/armv7-m\libgcc.a(_arm_addsubdf3.o)
                0x0800209c                __aeabi_drsub
                0x080020a4                __aeabi_dsub
                0x080020a4                __subdf3
                0x080020a8                __aeabi_dadd
                0x080020a8                __adddf3
                0x08002320                __floatunsidf
                0x08002320                __aeabi_ui2d
                0x08002340                __floatsidf
                0x08002340                __aeabi_i2d
                0x08002364                __aeabi_f2d
                0x08002364                __extendsfdf2
                0x080023a0                __floatundidf
                0x080023a0                __aeabi_ul2d
                0x080023b0                __floatdidf
                0x080023b0                __aeabi_l2d
 .text          0x0800240c      0x424 c:/program files (x86)/emblocks/2.30/share/em_armgcc/bin/../lib/gcc/arm-none-eabi/4.7.3/armv7-m\libgcc.a(_arm_muldivdf3.o)
                0x0800240c                __aeabi_dmul
                0x0800240c                __muldf3
                0x08002660                __divdf3
                0x08002660                __aeabi_ddiv
 .text          0x08002830       0x50 c:/program files (x86)/emblocks/2.30/share/em_armgcc/bin/../lib/gcc/arm-none-eabi/4.7.3/armv7-m\libgcc.a(_arm_fixdfsi.o)
                0x08002830                __aeabi_d2iz
                0x08002830                __fixdfsi
 .text          0x08002880       0xa0 c:/program files (x86)/emblocks/2.30/share/em_armgcc/bin/../lib/gcc/arm-none-eabi/4.7.3/armv7-m\libgcc.a(_arm_truncdfsf2.o)
                0x08002880                __truncdfsf2
                0x08002880                __aeabi_d2f
 .text          0x08002920      0x21c c:/program files (x86)/emblocks/2.30/share/em_armgcc/bin/../lib/gcc/arm-none-eabi/4.7.3/armv7-m\libgcc.a(_arm_addsubsf3.o)
                0x08002920                __aeabi_frsub
                0x08002928                __subsf3
                0x08002928                __aeabi_fsub
                0x0800292c                __aeabi_fadd
                0x0800292c                __addsf3
                0x08002a8c                __aeabi_ui2f
                0x08002a8c                __floatunsisf
                0x08002a94                __aeabi_i2f
                0x08002a94                __floatsisf
                0x08002ab0                __aeabi_ul2f
                0x08002ab0                __floatundisf
                0x08002ac0                __aeabi_l2f
                0x08002ac0                __floatdisf
 .text          0x08002b3c      0x2a0 c:/program files (x86)/emblocks/2.30/share/em_armgcc/bin/../lib/gcc/arm-none-eabi/4.7.3/armv7-m\libgcc.a(_arm_muldivsf3.o)
                0x08002b3c                __mulsf3
                0x08002b3c                __aeabi_fmul
                0x08002ca4                __aeabi_fdiv
                0x08002ca4                __divsf3
 .text          0x08002ddc       0xec c:/program files (x86)/emblocks/2.30/share/em_armgcc/bin/../lib/gcc/arm-none-eabi/4.7.3/armv7-m\libgcc.a(_arm_cmpsf2.o)
                0x08002ddc                __gesf2
                0x08002ddc                __gtsf2
                0x08002de4                __lesf2
                0x08002de4                __ltsf2
                0x08002dec                __nesf2
                0x08002dec                __eqsf2
                0x08002dec                __cmpsf2
                0x08002e4c                __aeabi_cfrcmple
                0x08002e54                __aeabi_cfcmpeq
                0x08002e54                __aeabi_cfcmple
                0x08002e64                __aeabi_fcmpeq
                0x08002e78                __aeabi_fcmplt
                0x08002e8c                __aeabi_fcmple
                0x08002ea0                __aeabi_fcmpge
                0x08002eb4                __aeabi_fcmpgt
 .text          0x08002ec8       0x4c c:/program files (x86)/emblocks/2.30/share/em_armgcc/bin/../lib/gcc/arm-none-eabi/4.7.3/armv7-m\libgcc.a(_arm_fixsfsi.o)
                0x08002ec8                __aeabi_f2iz
                0x08002ec8                __fixsfsi
 .text.exit     0x08002f14       0x28 c:/program files (x86)/emblocks/2.30/share/em_armgcc/bin/../lib/gcc/arm-none-eabi/4.7.3/../../../../arm-none-eabi/lib/armv7-m\libc_n.a(lib_a-exit.o)
                0x08002f14                exit
 .text.__libc_init_array
                0x08002f3c       0x4c c:/program files (x86)/emblocks/2.30/share/em_armgcc/bin/../lib/gcc/arm-none-eabi/4.7.3/../../../../arm-none-eabi/lib/armv7-m\libc_n.a(lib_a-init.o)
                0x08002f3c                __libc_init_array
 .text.memset   0x08002f88       0x10 c:/program files (x86)/emblocks/2.30/share/em_armgcc/bin/../lib/gcc/arm-none-eabi/4.7.3/../../../../arm-none-eabi/lib/armv7-m\libc_n.a(lib_a-memset.o)
                0x08002f88                memset
 .text._exit    0x08002f98        0x4 c:/program files (x86)/emblocks/2.30/share/em_armgcc/bin/../lib/gcc/arm-none-eabi/4.7.3/../../../../arm-none-eabi/lib/armv7-m\libnosys.a(_exit.o)
                0x08002f98                _exit
 *(.init)
 .init          0x08002f9c        0x4 c:/program files (x86)/emblocks/2.30/share/em_armgcc/bin/../lib/gcc/arm-none-eabi/4.7.3/armv7-m/crti.o
                0x08002f9c                _init
 .init          0x08002fa0        0x8 c:/program files (x86)/emblocks/2.30/share/em_armgcc/bin/../lib/gcc/arm-none-eabi/4.7.3/armv7-m/crtn.o
 *(.fini)
 .fini          0x08002fa8        0x4 c:/program files (x86)/emblocks/2.30/share/em_armgcc/bin/../lib/gcc/arm-none-eabi/4.7.3/armv7-m/crti.o
                0x08002fa8                _fini
 .fini          0x08002fac        0x8 c:/program files (x86)/emblocks/2.30/share/em_armgcc/bin/../lib/gcc/arm-none-eabi/4.7.3/armv7-m/crtn.o
 *crtbegin.o(.ctors)
 *crtbegin?.o(.ctors)
 *(EXCLUDE_FILE(*crtend.o *crtend?.o) .ctors)
 *(SORT(.ctors.*))
 *(.ctors)
 *crtbegin.o(.dtors)
 *crtbegin?.o(.dtors)
 *(EXCLUDE_FILE(*crtend.o *crtend?.o) .dtors)
 *(SORT(.dtors.*))
 *(.dtors)
 *(.rodata*)
 .rodata.str1.1
                0x08002fb4        0x2 c:/program files (x86)/emblocks/2.30/share/em_armgcc/bin/../lib/gcc/arm-none-eabi/4.7.3/../../../../arm-none-eabi/lib/armv7-m\libc_n.a(lib_a-impure.o)
 *fill*         0x08002fb6        0x2 
 .rodata._global_impure_ptr
                0x08002fb8        0x4 c:/program files (x86)/emblocks/2.30/share/em_armgcc/bin/../lib/gcc/arm-none-eabi/4.7.3/../../../../arm-none-eabi/lib/armv7-m\libc_n.a(lib_a-impure.o)
                0x08002fb8                _global_impure_ptr
 *(.eh_frame*)
 .eh_frame      0x08002fbc        0x0 c:/program files (x86)/emblocks/2.30/share/em_armgcc/bin/../lib/gcc/arm-none-eabi/4.7.3/armv7-m/crtbegin.o
 .eh_frame      0x08002fbc        0x4 c:/program files (x86)/emblocks/2.30/share/em_armgcc/bin/../lib/gcc/arm-none-eabi/4.7.3/armv7-m/crtend.o

.glue_7         0x08002fc0        0x0
 .glue_7        0x00000000        0x0 linker stubs

.glue_7t        0x08002fc0        0x0
 .glue_7t       0x00000000        0x0 linker stubs

.vfp11_veneer   0x08002fc0        0x0
 .vfp11_veneer  0x00000000        0x0 linker stubs

.v4_bx          0x08002fc0        0x0
 .v4_bx         0x00000000        0x0 linker stubs

.iplt           0x08002fc0        0x0
 .iplt          0x00000000        0x0 c:/program files (x86)/emblocks/2.30/share/em_armgcc/bin/../lib/gcc/arm-none-eabi/4.7.3/armv7-m/crtbegin.o

.ARM.extab
 *(.ARM.extab* .gnu.linkonce.armextab.*)
                0x08002fc0                __exidx_start = .

.ARM.exidx      0x08002fc0        0x8
 *(.ARM.exidx* .gnu.linkonce.armexidx.*)
 .ARM.exidx     0x08002fc0        0x8 c:/program files (x86)/emblocks/2.30/share/em_armgcc/bin/../lib/gcc/arm-none-eabi/4.7.3/../../../../arm-none-eabi/lib/armv7-m/crt0.o
                0x08002fc8                __exidx_end = .
                0x08002fc8                __etext = .

.rel.dyn        0x08002fc8        0x0
 .rel.iplt      0x00000000        0x0 c:/program files (x86)/emblocks/2.30/share/em_armgcc/bin/../lib/gcc/arm-none-eabi/4.7.3/armv7-m/crtbegin.o

.data           0x20000000       0x98 load address 0x08002fc8
                0x20000000                __data_start__ = .
 *(vtable)
 *(.data*)
 .data.ADCPrescTable
                0x20000000        0x4 obj\release\spl\src\stm32f10x_rcc.o
 .data.APBAHBPrescTable
                0x20000004       0x10 obj\release\spl\src\stm32f10x_rcc.o
 .data.BitTimeStatus
                0x20000014        0x1 obj\release\src\rc5_ir_emul_receiver.o
                0x20000014                BitTimeStatus
 *fill*         0x20000015        0x3 
 .data.ui_frequency
                0x20000018        0x4 obj\release\src\main.o
                0x20000018                ui_frequency
 .data.ui_amplitude_angle
                0x2000001c        0x4 obj\release\src\main.o
                0x2000001c                ui_amplitude_angle
 .data.frequency.7722
                0x20000020        0x4 obj\release\src\main.o
 .data.FirstTimeIssued
                0x20000024        0x1 obj\release\src\main.o
                0x20000024                FirstTimeIssued
 *fill*         0x20000025        0x3 
 .data.ui_motor_breaked
                0x20000028        0x4 obj\release\src\main.o
                0x20000028                ui_motor_breaked
 .data.amplitude_angle.7721
                0x2000002c        0x4 obj\release\src\main.o
 .data.impure_data
                0x20000030       0x60 c:/program files (x86)/emblocks/2.30/share/em_armgcc/bin/../lib/gcc/arm-none-eabi/4.7.3/../../../../arm-none-eabi/lib/armv7-m\libc_n.a(lib_a-impure.o)
                0x20000090                . = ALIGN (0x4)
                0x20000090                PROVIDE (__preinit_array_start, .)
 *(.preinit_array)
                0x20000090                PROVIDE (__preinit_array_end, .)
                0x20000090                . = ALIGN (0x4)
                0x20000090                PROVIDE (__init_array_start, .)
 *(SORT(.init_array.*))
 *(.init_array)
 .init_array    0x20000090        0x4 c:/program files (x86)/emblocks/2.30/share/em_armgcc/bin/../lib/gcc/arm-none-eabi/4.7.3/armv7-m/crtbegin.o
                0x20000094                PROVIDE (__init_array_end, .)
                0x20000094                . = ALIGN (0x4)
                0x20000094                PROVIDE (__fini_array_start, .)
 *(SORT(.fini_array.*))
 *(.fini_array)
 .fini_array    0x20000094        0x4 c:/program files (x86)/emblocks/2.30/share/em_armgcc/bin/../lib/gcc/arm-none-eabi/4.7.3/armv7-m/crtbegin.o
                0x20000098                PROVIDE (__fini_array_end, .)
                0x20000098                . = ALIGN (0x4)
                0x20000098                __data_end__ = .

.jcr            0x20000098        0x0 load address 0x08003060
 .jcr           0x20000098        0x0 c:/program files (x86)/emblocks/2.30/share/em_armgcc/bin/../lib/gcc/arm-none-eabi/4.7.3/armv7-m/crtbegin.o

.igot.plt       0x20000098        0x0 load address 0x08003060
 .igot.plt      0x00000000        0x0 c:/program files (x86)/emblocks/2.30/share/em_armgcc/bin/../lib/gcc/arm-none-eabi/4.7.3/armv7-m/crtbegin.o

.bss            0x20000098       0xaf load address 0x08003060
                0x20000098                __bss_start__ = .
 *(.bss*)
 .bss           0x20000098       0x1c c:/program files (x86)/emblocks/2.30/share/em_armgcc/bin/../lib/gcc/arm-none-eabi/4.7.3/armv7-m/crtbegin.o
 .bss.EdgesNumber
                0x200000b4        0x1 obj\release\src\rc5_ir_emul_receiver.o
                0x200000b4                EdgesNumber
 *fill*         0x200000b5        0x1 
 .bss.HalfBitDurationCount_Min
                0x200000b6        0x2 obj\release\src\rc5_ir_emul_receiver.o
                0x200000b6                HalfBitDurationCount_Min
 .bss.NominalBitDurationCount
                0x200000b8        0x2 obj\release\src\rc5_ir_emul_receiver.o
                0x200000b8                NominalBitDurationCount
 .bss.FullBitDurationCount_Max
                0x200000ba        0x2 obj\release\src\rc5_ir_emul_receiver.o
                0x200000ba                FullBitDurationCount_Max
 .bss.RC5_Indexdata
                0x200000bc        0x1 obj\release\src\rc5_ir_emul_receiver.o
                0x200000bc                RC5_Indexdata
 .bss.Bit4_HasBeen_Sampled
                0x200000bd        0x1 obj\release\src\rc5_ir_emul_receiver.o
                0x200000bd                Bit4_HasBeen_Sampled
 .bss.FieldBit  0x200000be        0x1 obj\release\src\rc5_ir_emul_receiver.o
                0x200000be                FieldBit
 *fill*         0x200000bf        0x1 
 .bss.NominalBitDurationCount_3div4
                0x200000c0        0x2 obj\release\src\rc5_ir_emul_receiver.o
                0x200000c0                NominalBitDurationCount_3div4
 .bss.RC5_FrameReceived
                0x200000c2        0x1 obj\release\src\rc5_ir_emul_receiver.o
                0x200000c2                RC5_FrameReceived
 *fill*         0x200000c3        0x1 
 .bss.FullBitDurationCount_Min
                0x200000c4        0x2 obj\release\src\rc5_ir_emul_receiver.o
                0x200000c4                FullBitDurationCount_Min
 .bss.NominalHalfBitDurationCount
                0x200000c6        0x2 obj\release\src\rc5_ir_emul_receiver.o
                0x200000c6                NominalHalfBitDurationCount
 .bss.HalfBitDurationCount_Max
                0x200000c8        0x2 obj\release\src\rc5_ir_emul_receiver.o
                0x200000c8                HalfBitDurationCount_Max
 *fill*         0x200000ca        0x2 
 .bss.RC5_TIM_CLKValuekHz
                0x200000cc        0x4 obj\release\src\rc5_ir_emul_receiver.o
                0x200000cc                RC5_TIM_CLKValuekHz
 .bss.LowDuration
                0x200000d0        0x2 obj\release\src\rc5_ir_emul_receiver.o
                0x200000d0                LowDuration
 *fill*         0x200000d2        0x2 
 .bss.motor_counter.7703
                0x200000d4        0x4 obj\release\src\main.o
 .bss.motor_counter_init_updated.7724
                0x200000d8        0x4 obj\release\src\main.o
 .bss.new_data_ready
                0x200000dc        0x4 obj\release\src\main.o
                0x200000dc                new_data_ready
 .bss.nbr_step_max_updated.7723
                0x200000e0        0x4 obj\release\src\main.o
 .bss.phase.7707
                0x200000e4        0x4 obj\release\src\main.o
 .bss.RC5_TogglePrevious
                0x200000e8        0x1 obj\release\src\main.o
                0x200000e8                RC5_TogglePrevious
 *fill*         0x200000e9        0x3 
 .bss.position.7706
                0x200000ec        0x4 obj\release\src\main.o
 .bss.new_motor_speed
                0x200000f0        0x4 obj\release\src\main.o
                0x200000f0                new_motor_speed
 .bss.new_nbr_step_max
                0x200000f4        0x4 obj\release\src\main.o
                0x200000f4                new_nbr_step_max
 .bss.nbr_step_max.7705
                0x200000f8        0x4 obj\release\src\main.o
 .bss.motor_speed.7702
                0x200000fc        0x4 obj\release\src\main.o
 .bss.delta_step.7708
                0x20000100        0x4 obj\release\src\main.o
 .bss.new_motor_counter_init
                0x20000104        0x4 obj\release\src\main.o
                0x20000104                new_motor_counter_init
 .bss.motor_counter_init.7704
                0x20000108        0x4 obj\release\src\main.o
 *(COMMON)
 COMMON         0x2000010c       0x26 obj\release\src\rc5_ir_emul_receiver.o
                0x2000010c                TIM_TimeBaseStructure
                0x20000118                RC5_data
 *fill*         0x20000132        0x2 
 COMMON         0x20000134       0x13 obj\release\src\main.o
                0x20000134                MOTOR_PHC
                0x20000138                MOTOR_PHA
                0x2000013c                MOTOR_PHD
                0x20000140                MOTOR_PHB
                0x20000144                RC5_Frame
                0x20000147                __bss_end__ = .

.heap           0x20000148        0x0
                0x20000148                __end__ = .
                0x20000148                end = __end__
 *(.heap*)
 .heap          0x20000148        0x0 obj\release\src\startup_stm32f10x_md.o
                0x20000148                __HeapLimit = .

.stack_dummy    0x20000148      0x100
 *(.stack)
 .stack         0x20000148      0x100 obj\release\src\startup_stm32f10x_md.o
                0x20005000                __StackTop = (ORIGIN (RAM) + 0x5000)
                0x20004f00                __StackLimit = (__StackTop - SIZEOF (.stack_dummy))
                0x20005000                PROVIDE (__stack, __StackTop)
                0x00000001                ASSERT ((__StackLimit >= __HeapLimit), region RAM overflowed with stack)
LOAD obj\release\spl\src\misc.o
LOAD obj\release\spl\src\stm32f10x_adc.o
LOAD obj\release\spl\src\stm32f10x_bkp.o
LOAD obj\release\spl\src\stm32f10x_can.o
LOAD obj\release\spl\src\stm32f10x_cec.o
LOAD obj\release\spl\src\stm32f10x_crc.o
LOAD obj\release\spl\src\stm32f10x_dac.o
LOAD obj\release\spl\src\stm32f10x_dbgmcu.o
LOAD obj\release\spl\src\stm32f10x_dma.o
LOAD obj\release\spl\src\stm32f10x_exti.o
LOAD obj\release\spl\src\stm32f10x_flash.o
LOAD obj\release\spl\src\stm32f10x_fsmc.o
LOAD obj\release\spl\src\stm32f10x_gpio.o
LOAD obj\release\spl\src\stm32f10x_i2c.o
LOAD obj\release\spl\src\stm32f10x_iwdg.o
LOAD obj\release\spl\src\stm32f10x_pwr.o
LOAD obj\release\spl\src\stm32f10x_rcc.o
LOAD obj\release\spl\src\stm32f10x_rtc.o
LOAD obj\release\spl\src\stm32f10x_sdio.o
LOAD obj\release\spl\src\stm32f10x_spi.o
LOAD obj\release\spl\src\stm32f10x_tim.o
LOAD obj\release\spl\src\stm32f10x_usart.o
LOAD obj\release\spl\src\stm32f10x_wwdg.o
LOAD obj\release\src\rc5_ir_emul_receiver.o
LOAD obj\release\src\led_rgb.o
LOAD obj\release\src\main.o
LOAD obj\release\src\power_management.o
LOAD obj\release\src\startup_stm32f10x_md.o
LOAD obj\release\src\stm32f10x_it.o
LOAD obj\release\src\system_stm32f10x.o
START GROUP
LOAD c:/program files (x86)/emblocks/2.30/share/em_armgcc/bin/../lib/gcc/arm-none-eabi/4.7.3/armv7-m\libgcc.a
LOAD c:/program files (x86)/emblocks/2.30/share/em_armgcc/bin/../lib/gcc/arm-none-eabi/4.7.3/../../../../arm-none-eabi/lib/armv7-m\libc_n.a
LOAD c:/program files (x86)/emblocks/2.30/share/em_armgcc/bin/../lib/gcc/arm-none-eabi/4.7.3/../../../../arm-none-eabi/lib/armv7-m\libg_n.a
LOAD c:/program files (x86)/emblocks/2.30/share/em_armgcc/bin/../lib/gcc/arm-none-eabi/4.7.3/../../../../arm-none-eabi/lib/armv7-m\libnosys.a
END GROUP
LOAD c:/program files (x86)/emblocks/2.30/share/em_armgcc/bin/../lib/gcc/arm-none-eabi/4.7.3/armv7-m/crtend.o
LOAD c:/program files (x86)/emblocks/2.30/share/em_armgcc/bin/../lib/gcc/arm-none-eabi/4.7.3/armv7-m/crtn.o
OUTPUT(bin\Release\ProjSemFishLureFinal.elf elf32-littlearm)

.ARM.attributes
                0x00000000       0x29
 .ARM.attributes
                0x00000000       0x1d c:/program files (x86)/emblocks/2.30/share/em_armgcc/bin/../lib/gcc/arm-none-eabi/4.7.3/armv7-m/crti.o
 .ARM.attributes
                0x0000001d       0x2d c:/program files (x86)/emblocks/2.30/share/em_armgcc/bin/../lib/gcc/arm-none-eabi/4.7.3/armv7-m/crtbegin.o
 .ARM.attributes
                0x0000004a       0x1b c:/program files (x86)/emblocks/2.30/share/em_armgcc/bin/../lib/gcc/arm-none-eabi/4.7.3/../../../../arm-none-eabi/lib/armv7-m/crt0.o
 .ARM.attributes
                0x00000065       0x33 obj\release\spl\src\misc.o
 .ARM.attributes
                0x00000098       0x33 obj\release\spl\src\stm32f10x_adc.o
 .ARM.attributes
                0x000000cb       0x33 obj\release\spl\src\stm32f10x_exti.o
 .ARM.attributes
                0x000000fe       0x33 obj\release\spl\src\stm32f10x_gpio.o
 .ARM.attributes
                0x00000131       0x33 obj\release\spl\src\stm32f10x_i2c.o
 .ARM.attributes
                0x00000164       0x33 obj\release\spl\src\stm32f10x_rcc.o
 .ARM.attributes
                0x00000197       0x33 obj\release\spl\src\stm32f10x_tim.o
 .ARM.attributes
                0x000001ca       0x33 obj\release\src\rc5_ir_emul_receiver.o
 .ARM.attributes
                0x000001fd       0x33 obj\release\src\led_rgb.o
 .ARM.attributes
                0x00000230       0x33 obj\release\src\main.o
 .ARM.attributes
                0x00000263       0x33 obj\release\src\power_management.o
 .ARM.attributes
                0x00000296       0x1b obj\release\src\startup_stm32f10x_md.o
 .ARM.attributes
                0x000002b1       0x33 obj\release\src\stm32f10x_it.o
 .ARM.attributes
                0x000002e4       0x1d c:/program files (x86)/emblocks/2.30/share/em_armgcc/bin/../lib/gcc/arm-none-eabi/4.7.3/armv7-m\libgcc.a(_arm_addsubdf3.o)
 .ARM.attributes
                0x00000301       0x1d c:/program files (x86)/emblocks/2.30/share/em_armgcc/bin/../lib/gcc/arm-none-eabi/4.7.3/armv7-m\libgcc.a(_arm_muldivdf3.o)
 .ARM.attributes
                0x0000031e       0x1d c:/program files (x86)/emblocks/2.30/share/em_armgcc/bin/../lib/gcc/arm-none-eabi/4.7.3/armv7-m\libgcc.a(_arm_fixdfsi.o)
 .ARM.attributes
                0x0000033b       0x1d c:/program files (x86)/emblocks/2.30/share/em_armgcc/bin/../lib/gcc/arm-none-eabi/4.7.3/armv7-m\libgcc.a(_arm_truncdfsf2.o)
 .ARM.attributes
                0x00000358       0x1d c:/program files (x86)/emblocks/2.30/share/em_armgcc/bin/../lib/gcc/arm-none-eabi/4.7.3/armv7-m\libgcc.a(_arm_addsubsf3.o)
 .ARM.attributes
                0x00000375       0x1d c:/program files (x86)/emblocks/2.30/share/em_armgcc/bin/../lib/gcc/arm-none-eabi/4.7.3/armv7-m\libgcc.a(_arm_muldivsf3.o)
 .ARM.attributes
                0x00000392       0x1d c:/program files (x86)/emblocks/2.30/share/em_armgcc/bin/../lib/gcc/arm-none-eabi/4.7.3/armv7-m\libgcc.a(_arm_cmpsf2.o)
 .ARM.attributes
                0x000003af       0x1d c:/program files (x86)/emblocks/2.30/share/em_armgcc/bin/../lib/gcc/arm-none-eabi/4.7.3/armv7-m\libgcc.a(_arm_fixsfsi.o)
 .ARM.attributes
                0x000003cc       0x2d c:/program files (x86)/emblocks/2.30/share/em_armgcc/bin/../lib/gcc/arm-none-eabi/4.7.3/../../../../arm-none-eabi/lib/armv7-m\libc_n.a(lib_a-exit.o)
 .ARM.attributes
                0x000003f9       0x2d c:/program files (x86)/emblocks/2.30/share/em_armgcc/bin/../lib/gcc/arm-none-eabi/4.7.3/../../../../arm-none-eabi/lib/armv7-m\libc_n.a(lib_a-impure.o)
 .ARM.attributes
                0x00000426       0x2d c:/program files (x86)/emblocks/2.30/share/em_armgcc/bin/../lib/gcc/arm-none-eabi/4.7.3/../../../../arm-none-eabi/lib/armv7-m\libc_n.a(lib_a-init.o)
 .ARM.attributes
                0x00000453       0x2d c:/program files (x86)/emblocks/2.30/share/em_armgcc/bin/../lib/gcc/arm-none-eabi/4.7.3/../../../../arm-none-eabi/lib/armv7-m\libc_n.a(lib_a-memset.o)
 .ARM.attributes
                0x00000480       0x2d c:/program files (x86)/emblocks/2.30/share/em_armgcc/bin/../lib/gcc/arm-none-eabi/4.7.3/../../../../arm-none-eabi/lib/armv7-m\libnosys.a(_exit.o)
 .ARM.attributes
                0x000004ad       0x2d c:/program files (x86)/emblocks/2.30/share/em_armgcc/bin/../lib/gcc/arm-none-eabi/4.7.3/armv7-m/crtend.o
 .ARM.attributes
                0x000004da       0x1d c:/program files (x86)/emblocks/2.30/share/em_armgcc/bin/../lib/gcc/arm-none-eabi/4.7.3/armv7-m/crtn.o

.comment        0x00000000       0x38
 .comment       0x00000000       0x38 obj\release\spl\src\misc.o
                                 0x39 (size before relaxing)
 .comment       0x00000000       0x39 obj\release\spl\src\stm32f10x_adc.o
 .comment       0x00000000       0x39 obj\release\spl\src\stm32f10x_exti.o
 .comment       0x00000000       0x39 obj\release\spl\src\stm32f10x_gpio.o
 .comment       0x00000000       0x39 obj\release\spl\src\stm32f10x_i2c.o
 .comment       0x00000000       0x39 obj\release\spl\src\stm32f10x_rcc.o
 .comment       0x00000000       0x39 obj\release\spl\src\stm32f10x_tim.o
 .comment       0x00000000       0x39 obj\release\src\rc5_ir_emul_receiver.o
 .comment       0x00000000       0x39 obj\release\src\led_rgb.o
 .comment       0x00000000       0x39 obj\release\src\main.o
 .comment       0x00000000       0x39 obj\release\src\power_management.o
 .comment       0x00000000       0x39 obj\release\src\stm32f10x_it.o

.debug_info     0x00000000     0x8f79
 .debug_info    0x00000000      0x5b7 obj\release\spl\src\misc.o
 .debug_info    0x000005b7      0xd04 obj\release\spl\src\stm32f10x_adc.o
 .debug_info    0x000012bb      0x383 obj\release\spl\src\stm32f10x_exti.o
 .debug_info    0x0000163e      0x904 obj\release\spl\src\stm32f10x_gpio.o
 .debug_info    0x00001f42      0xc70 obj\release\spl\src\stm32f10x_i2c.o
 .debug_info    0x00002bb2      0x9e1 obj\release\spl\src\stm32f10x_rcc.o
 .debug_info    0x00003593     0x25cc obj\release\spl\src\stm32f10x_tim.o
 .debug_info    0x00005b5f     0x1015 obj\release\src\rc5_ir_emul_receiver.o
 .debug_info    0x00006b74      0x7e8 obj\release\src\led_rgb.o
 .debug_info    0x0000735c     0x13c0 obj\release\src\main.o
 .debug_info    0x0000871c      0x68d obj\release\src\power_management.o
 .debug_info    0x00008da9       0x73 obj\release\src\startup_stm32f10x_md.o
 .debug_info    0x00008e1c      0x15d obj\release\src\stm32f10x_it.o

.debug_abbrev   0x00000000     0x177c
 .debug_abbrev  0x00000000      0x154 obj\release\spl\src\misc.o
 .debug_abbrev  0x00000154      0x225 obj\release\spl\src\stm32f10x_adc.o
 .debug_abbrev  0x00000379      0x17e obj\release\spl\src\stm32f10x_exti.o
 .debug_abbrev  0x000004f7      0x221 obj\release\spl\src\stm32f10x_gpio.o
 .debug_abbrev  0x00000718      0x1fe obj\release\spl\src\stm32f10x_i2c.o
 .debug_abbrev  0x00000916      0x28f obj\release\spl\src\stm32f10x_rcc.o
 .debug_abbrev  0x00000ba5      0x2fb obj\release\spl\src\stm32f10x_tim.o
 .debug_abbrev  0x00000ea0      0x2ad obj\release\src\rc5_ir_emul_receiver.o
 .debug_abbrev  0x0000114d      0x1ad obj\release\src\led_rgb.o
 .debug_abbrev  0x000012fa      0x266 obj\release\src\main.o
 .debug_abbrev  0x00001560      0x19f obj\release\src\power_management.o
 .debug_abbrev  0x000016ff       0x14 obj\release\src\startup_stm32f10x_md.o
 .debug_abbrev  0x00001713       0x69 obj\release\src\stm32f10x_it.o

.debug_loc      0x00000000     0x475c
 .debug_loc     0x00000000      0x181 obj\release\spl\src\misc.o
 .debug_loc     0x00000181      0xa0d obj\release\spl\src\stm32f10x_adc.o
 .debug_loc     0x00000b8e      0x1f4 obj\release\spl\src\stm32f10x_exti.o
 .debug_loc     0x00000d82      0x5f6 obj\release\spl\src\stm32f10x_gpio.o
 .debug_loc     0x00001378      0x7cb obj\release\spl\src\stm32f10x_i2c.o
 .debug_loc     0x00001b43      0x7e9 obj\release\spl\src\stm32f10x_rcc.o
 .debug_loc     0x0000232c     0x1f71 obj\release\spl\src\stm32f10x_tim.o
 .debug_loc     0x0000429d      0x14a obj\release\src\rc5_ir_emul_receiver.o
 .debug_loc     0x000043e7      0x1ce obj\release\src\led_rgb.o
 .debug_loc     0x000045b5      0x10a obj\release\src\main.o
 .debug_loc     0x000046bf       0x9d obj\release\src\power_management.o

.debug_aranges  0x00000000      0x908
 .debug_aranges
                0x00000000       0x40 obj\release\spl\src\misc.o
 .debug_aranges
                0x00000040      0x138 obj\release\spl\src\stm32f10x_adc.o
 .debug_aranges
                0x00000178       0x58 obj\release\spl\src\stm32f10x_exti.o
 .debug_aranges
                0x000001d0       0xa8 obj\release\spl\src\stm32f10x_gpio.o
 .debug_aranges
                0x00000278      0x120 obj\release\spl\src\stm32f10x_i2c.o
 .debug_aranges
                0x00000398      0x118 obj\release\spl\src\stm32f10x_rcc.o
 .debug_aranges
                0x000004b0      0x2e0 obj\release\spl\src\stm32f10x_tim.o
 .debug_aranges
                0x00000790       0x40 obj\release\src\rc5_ir_emul_receiver.o
 .debug_aranges
                0x000007d0       0x30 obj\release\src\led_rgb.o
 .debug_aranges
                0x00000800       0x60 obj\release\src\main.o
 .debug_aranges
                0x00000860       0x28 obj\release\src\power_management.o
 .debug_aranges
                0x00000888       0x20 obj\release\src\startup_stm32f10x_md.o
 .debug_aranges
                0x000008a8       0x60 obj\release\src\stm32f10x_it.o

.debug_ranges   0x00000000      0x9e0
 .debug_ranges  0x00000000       0x30 obj\release\spl\src\misc.o
 .debug_ranges  0x00000030      0x128 obj\release\spl\src\stm32f10x_adc.o
 .debug_ranges  0x00000158       0x48 obj\release\spl\src\stm32f10x_exti.o
 .debug_ranges  0x000001a0       0x98 obj\release\spl\src\stm32f10x_gpio.o
 .debug_ranges  0x00000238      0x110 obj\release\spl\src\stm32f10x_i2c.o
 .debug_ranges  0x00000348      0x138 obj\release\spl\src\stm32f10x_rcc.o
 .debug_ranges  0x00000480      0x410 obj\release\spl\src\stm32f10x_tim.o
 .debug_ranges  0x00000890       0x78 obj\release\src\rc5_ir_emul_receiver.o
 .debug_ranges  0x00000908       0x20 obj\release\src\led_rgb.o
 .debug_ranges  0x00000928       0x50 obj\release\src\main.o
 .debug_ranges  0x00000978       0x18 obj\release\src\power_management.o
 .debug_ranges  0x00000990       0x50 obj\release\src\stm32f10x_it.o

.debug_line     0x00000000     0x3190
 .debug_line    0x00000000      0x202 obj\release\spl\src\misc.o
 .debug_line    0x00000202      0x523 obj\release\spl\src\stm32f10x_adc.o
 .debug_line    0x00000725      0x263 obj\release\spl\src\stm32f10x_exti.o
 .debug_line    0x00000988      0x3b1 obj\release\spl\src\stm32f10x_gpio.o
 .debug_line    0x00000d39      0x4bc obj\release\spl\src\stm32f10x_i2c.o
 .debug_line    0x000011f5      0x45e obj\release\spl\src\stm32f10x_rcc.o
 .debug_line    0x00001653      0xc3f obj\release\spl\src\stm32f10x_tim.o
 .debug_line    0x00002292      0x353 obj\release\src\rc5_ir_emul_receiver.o
 .debug_line    0x000025e5      0x24f obj\release\src\led_rgb.o
 .debug_line    0x00002834      0x4ae obj\release\src\main.o
 .debug_line    0x00002ce2      0x215 obj\release\src\power_management.o
 .debug_line    0x00002ef7       0xa5 obj\release\src\startup_stm32f10x_md.o
 .debug_line    0x00002f9c      0x1f4 obj\release\src\stm32f10x_it.o

.debug_str      0x00000000     0x29b8
 .debug_str     0x00000000      0x30b obj\release\spl\src\misc.o
                                0x35f (size before relaxing)
 .debug_str     0x0000030b      0x543 obj\release\spl\src\stm32f10x_adc.o
                                0x6b3 (size before relaxing)
 .debug_str     0x0000084e      0x19c obj\release\spl\src\stm32f10x_exti.o
                                0x2ea (size before relaxing)
 .debug_str     0x000009ea      0x353 obj\release\spl\src\stm32f10x_gpio.o
                                0x4d1 (size before relaxing)
 .debug_str     0x00000d3d      0x466 obj\release\spl\src\stm32f10x_i2c.o
                                0x630 (size before relaxing)
 .debug_str     0x000011a3      0x36c obj\release\spl\src\stm32f10x_rcc.o
                                0x5bb (size before relaxing)
 .debug_str     0x0000150f      0xb5c obj\release\spl\src\stm32f10x_tim.o
                                0xdac (size before relaxing)
 .debug_str     0x0000206b      0x5aa obj\release\src\rc5_ir_emul_receiver.o
                                0xca0 (size before relaxing)
 .debug_str     0x00002615       0x74 obj\release\src\led_rgb.o
                                0x4ab (size before relaxing)
 .debug_str     0x00002689      0x250 obj\release\src\main.o
                                0xd17 (size before relaxing)
 .debug_str     0x000028d9       0x3c obj\release\src\power_management.o
                                0x473 (size before relaxing)
 .debug_str     0x00002915       0xa3 obj\release\src\stm32f10x_it.o
                                0x18d (size before relaxing)

.debug_frame    0x00000000     0x131c
 .debug_frame   0x00000000       0x68 obj\release\spl\src\misc.o
 .debug_frame   0x00000068      0x284 obj\release\spl\src\stm32f10x_adc.o
 .debug_frame   0x000002ec       0x98 obj\release\spl\src\stm32f10x_exti.o
 .debug_frame   0x00000384      0x168 obj\release\spl\src\stm32f10x_gpio.o
 .debug_frame   0x000004ec      0x240 obj\release\spl\src\stm32f10x_i2c.o
 .debug_frame   0x0000072c      0x21c obj\release\spl\src\stm32f10x_rcc.o
 .debug_frame   0x00000948      0x660 obj\release\spl\src\stm32f10x_tim.o
 .debug_frame   0x00000fa8       0x98 obj\release\src\rc5_ir_emul_receiver.o
 .debug_frame   0x00001040       0x68 obj\release\src\led_rgb.o
 .debug_frame   0x000010a8       0xf8 obj\release\src\main.o
 .debug_frame   0x000011a0       0x48 obj\release\src\power_management.o
 .debug_frame   0x000011e8       0xa0 obj\release\src\stm32f10x_it.o
 .debug_frame   0x00001288       0x28 c:/program files (x86)/emblocks/2.30/share/em_armgcc/bin/../lib/gcc/arm-none-eabi/4.7.3/../../../../arm-none-eabi/lib/armv7-m\libc_n.a(lib_a-exit.o)
 .debug_frame   0x000012b0       0x2c c:/program files (x86)/emblocks/2.30/share/em_armgcc/bin/../lib/gcc/arm-none-eabi/4.7.3/../../../../arm-none-eabi/lib/armv7-m\libc_n.a(lib_a-init.o)
 .debug_frame   0x000012dc       0x20 c:/program files (x86)/emblocks/2.30/share/em_armgcc/bin/../lib/gcc/arm-none-eabi/4.7.3/../../../../arm-none-eabi/lib/armv7-m\libc_n.a(lib_a-memset.o)
 .debug_frame   0x000012fc       0x20 c:/program files (x86)/emblocks/2.30/share/em_armgcc/bin/../lib/gcc/arm-none-eabi/4.7.3/../../../../arm-none-eabi/lib/armv7-m\libnosys.a(_exit.o)
