Archive member included because of file (symbol)

c:/program files (x86)/emblocks/2.30/share/em_armgcc/bin/../lib/gcc/arm-none-eabi/4.7.3/armv7-m\libgcc.a(_arm_addsubdf3.o)
                              obj\debug\src\main.o (__aeabi_f2d)
c:/program files (x86)/emblocks/2.30/share/em_armgcc/bin/../lib/gcc/arm-none-eabi/4.7.3/armv7-m\libgcc.a(_arm_muldivdf3.o)
                              obj\debug\src\power_management.o (__aeabi_dmul)
c:/program files (x86)/emblocks/2.30/share/em_armgcc/bin/../lib/gcc/arm-none-eabi/4.7.3/armv7-m\libgcc.a(_arm_cmpdf2.o)
                              obj\debug\src\main.o (__aeabi_dcmplt)
c:/program files (x86)/emblocks/2.30/share/em_armgcc/bin/../lib/gcc/arm-none-eabi/4.7.3/armv7-m\libgcc.a(_arm_fixdfsi.o)
                              obj\debug\src\main.o (__aeabi_d2iz)
c:/program files (x86)/emblocks/2.30/share/em_armgcc/bin/../lib/gcc/arm-none-eabi/4.7.3/armv7-m\libgcc.a(_arm_truncdfsf2.o)
                              obj\debug\src\power_management.o (__aeabi_d2f)
c:/program files (x86)/emblocks/2.30/share/em_armgcc/bin/../lib/gcc/arm-none-eabi/4.7.3/armv7-m\libgcc.a(_arm_addsubsf3.o)
                              obj\debug\src\main.o (__aeabi_fsub)
c:/program files (x86)/emblocks/2.30/share/em_armgcc/bin/../lib/gcc/arm-none-eabi/4.7.3/armv7-m\libgcc.a(_arm_muldivsf3.o)
                              obj\debug\src\main.o (__aeabi_fmul)
c:/program files (x86)/emblocks/2.30/share/em_armgcc/bin/../lib/gcc/arm-none-eabi/4.7.3/armv7-m\libgcc.a(_arm_cmpsf2.o)
                              obj\debug\src\main.o (__aeabi_fcmpeq)
c:/program files (x86)/emblocks/2.30/share/em_armgcc/bin/../lib/gcc/arm-none-eabi/4.7.3/armv7-m\libgcc.a(_arm_fixsfsi.o)
                              obj\debug\src\main.o (__aeabi_f2iz)
c:/program files (x86)/emblocks/2.30/share/em_armgcc/bin/../lib/gcc/arm-none-eabi/4.7.3/../../../../arm-none-eabi/lib/armv7-m\libc_n.a(lib_a-exit.o)
                              c:/program files (x86)/emblocks/2.30/share/em_armgcc/bin/../lib/gcc/arm-none-eabi/4.7.3/../../../../arm-none-eabi/lib/armv7-m/crt0.o (exit)
c:/program files (x86)/emblocks/2.30/share/em_armgcc/bin/../lib/gcc/arm-none-eabi/4.7.3/../../../../arm-none-eabi/lib/armv7-m\libc_n.a(lib_a-impure.o)
                              c:/program files (x86)/emblocks/2.30/share/em_armgcc/bin/../lib/gcc/arm-none-eabi/4.7.3/../../../../arm-none-eabi/lib/armv7-m\libc_n.a(lib_a-exit.o) (_global_impure_ptr)
c:/program files (x86)/emblocks/2.30/share/em_armgcc/bin/../lib/gcc/arm-none-eabi/4.7.3/../../../../arm-none-eabi/lib/armv7-m\libc_n.a(lib_a-init.o)
                              c:/program files (x86)/emblocks/2.30/share/em_armgcc/bin/../lib/gcc/arm-none-eabi/4.7.3/../../../../arm-none-eabi/lib/armv7-m/crt0.o (__libc_init_array)
c:/program files (x86)/emblocks/2.30/share/em_armgcc/bin/../lib/gcc/arm-none-eabi/4.7.3/../../../../arm-none-eabi/lib/armv7-m\libc_n.a(lib_a-memset.o)
                              c:/program files (x86)/emblocks/2.30/share/em_armgcc/bin/../lib/gcc/arm-none-eabi/4.7.3/../../../../arm-none-eabi/lib/armv7-m/crt0.o (memset)
c:/program files (x86)/emblocks/2.30/share/em_armgcc/bin/../lib/gcc/arm-none-eabi/4.7.3/../../../../arm-none-eabi/lib/armv7-m\libnosys.a(_exit.o)
                              c:/program files (x86)/emblocks/2.30/share/em_armgcc/bin/../lib/gcc/arm-none-eabi/4.7.3/../../../../arm-none-eabi/lib/armv7-m\libc_n.a(lib_a-exit.o) (_exit)

Allocating common symbols
Common symbol       size              file

MOTOR_PHC           0x4               obj\debug\src\main.o
MOTOR_PHA           0x4               obj\debug\src\main.o
TIM_TimeBaseStructure
                    0xa               obj\debug\src\rc5_ir_emul_receiver.o
RC5_data            0x1a              obj\debug\src\rc5_ir_emul_receiver.o
MOTOR_PHD           0x4               obj\debug\src\main.o
MOTOR_PHB           0x4               obj\debug\src\main.o
RC5_Frame           0x3               obj\debug\src\main.o

Discarded input sections

 .text          0x00000000        0x0 c:/program files (x86)/emblocks/2.30/share/em_armgcc/bin/../lib/gcc/arm-none-eabi/4.7.3/armv7-m/crti.o
 .data          0x00000000        0x0 c:/program files (x86)/emblocks/2.30/share/em_armgcc/bin/../lib/gcc/arm-none-eabi/4.7.3/armv7-m/crti.o
 .bss           0x00000000        0x0 c:/program files (x86)/emblocks/2.30/share/em_armgcc/bin/../lib/gcc/arm-none-eabi/4.7.3/armv7-m/crti.o
 .data          0x00000000        0x4 c:/program files (x86)/emblocks/2.30/share/em_armgcc/bin/../lib/gcc/arm-none-eabi/4.7.3/armv7-m/crtbegin.o
 .data          0x00000000        0x0 c:/program files (x86)/emblocks/2.30/share/em_armgcc/bin/../lib/gcc/arm-none-eabi/4.7.3/../../../../arm-none-eabi/lib/armv7-m/crt0.o
 .bss           0x00000000        0x0 c:/program files (x86)/emblocks/2.30/share/em_armgcc/bin/../lib/gcc/arm-none-eabi/4.7.3/../../../../arm-none-eabi/lib/armv7-m/crt0.o
[...]
Memory Configuration

Name             Origin             Length             Attributes
ROM              0x08000000         0x00020000         xr
RAM              0x20000000         0x00005000         xrw
*default*        0x00000000         0xffffffff

Linker script and memory map

LOAD c:/program files (x86)/emblocks/2.30/share/em_armgcc/bin/../lib/gcc/arm-none-eabi/4.7.3/armv7-m/crti.o
LOAD c:/program files (x86)/emblocks/2.30/share/em_armgcc/bin/../lib/gcc/arm-none-eabi/4.7.3/armv7-m/crtbegin.o
LOAD c:/program files (x86)/emblocks/2.30/share/em_armgcc/bin/../lib/gcc/arm-none-eabi/4.7.3/../../../../arm-none-eabi/lib/armv7-m/crt0.o
                0x00000000                __HEAP_SIZE = 0x0
                0x00000100                __STACK_SIZE = 0x100

.text           0x08000000     0x4a98
 *(.isr_vector)
 .isr_vector    0x08000000       0xec obj\debug\src\startup_stm32f10x_md.o
                0x08000000                __isr_vector
 *(.text*)
 .text          0x080000ec       0x54 c:/program files (x86)/emblocks/2.30/share/em_armgcc/bin/../lib/gcc/arm-none-eabi/4.7.3/armv7-m/crtbegin.o
 .text          0x08000140       0x74 c:/program files (x86)/emblocks/2.30/share/em_armgcc/bin/../lib/gcc/arm-none-eabi/4.7.3/../../../../arm-none-eabi/lib/armv7-m/crt0.o
                0x08000140                _start
                0x08000140                _mainCRTStartup
 .text.NVIC_Init
                0x080001b4       0xe8 obj\debug\spl\src\misc.o
                0x080001b4                NVIC_Init
 .text.ADC_DeInit
                0x0800029c       0x88 obj\debug\spl\src\stm32f10x_adc.o
                0x0800029c                ADC_DeInit
 .text.ADC_Init
                0x08000324       0xb0 obj\debug\spl\src\stm32f10x_adc.o
                0x08000324                ADC_Init
 .text.ADC_StructInit
                0x080003d4       0x44 obj\debug\spl\src\stm32f10x_adc.o
                0x080003d4                ADC_StructInit
 .text.ADC_Cmd  0x08000418       0x38 obj\debug\spl\src\stm32f10x_adc.o
                0x08000418                ADC_Cmd
 .text.ADC_StartCalibration
                0x08000450       0x20 obj\debug\spl\src\stm32f10x_adc.o
                0x08000450                ADC_StartCalibration
 .text.ADC_GetCalibrationStatus
                0x08000470       0x38 obj\debug\spl\src\stm32f10x_adc.o
                0x08000470                ADC_GetCalibrationStatus
 .text.ADC_SoftwareStartConvCmd
                0x080004a8       0x38 obj\debug\spl\src\stm32f10x_adc.o
                0x080004a8                ADC_SoftwareStartConvCmd
 .text.ADC_RegularChannelConfig
                0x080004e0      0x1bc obj\debug\spl\src\stm32f10x_adc.o
                0x080004e0                ADC_RegularChannelConfig
 .text.ADC_GetConversionValue
                0x0800069c       0x1c obj\debug\spl\src\stm32f10x_adc.o
                0x0800069c                ADC_GetConversionValue
 .text.EXTI_Init
                0x080006b8      0x138 obj\debug\spl\src\stm32f10x_exti.o
                0x080006b8                EXTI_Init
 .text.EXTI_GetITStatus
                0x080007f0       0x58 obj\debug\spl\src\stm32f10x_exti.o
                0x080007f0                EXTI_GetITStatus
 .text.EXTI_ClearITPendingBit
                0x08000848       0x20 obj\debug\spl\src\stm32f10x_exti.o
                0x08000848                EXTI_ClearITPendingBit
 .text.GPIO_Init
                0x08000868      0x1b0 obj\debug\spl\src\stm32f10x_gpio.o
                0x08000868                GPIO_Init
 .text.GPIO_SetBits
                0x08000a18       0x1c obj\debug\spl\src\stm32f10x_gpio.o
                0x08000a18                GPIO_SetBits
 .text.GPIO_ResetBits
                0x08000a34       0x1c obj\debug\spl\src\stm32f10x_gpio.o
                0x08000a34                GPIO_ResetBits
 .text.GPIO_PinRemapConfig
                0x08000a50      0x120 obj\debug\spl\src\stm32f10x_gpio.o
                0x08000a50                GPIO_PinRemapConfig
 .text.GPIO_EXTILineConfig
                0x08000b70       0xb0 obj\debug\spl\src\stm32f10x_gpio.o
                0x08000b70                GPIO_EXTILineConfig
 .text.I2C_Init
                0x08000c20      0x1ac obj\debug\spl\src\stm32f10x_i2c.o
                0x08000c20                I2C_Init
 .text.I2C_StructInit
                0x08000dcc       0x44 obj\debug\spl\src\stm32f10x_i2c.o
                0x08000dcc                I2C_StructInit
 .text.I2C_Cmd  0x08000e10       0x40 obj\debug\spl\src\stm32f10x_i2c.o
                0x08000e10                I2C_Cmd
 .text.I2C_GenerateSTART
                0x08000e50       0x40 obj\debug\spl\src\stm32f10x_i2c.o
                0x08000e50                I2C_GenerateSTART
 .text.I2C_GenerateSTOP
                0x08000e90       0x40 obj\debug\spl\src\stm32f10x_i2c.o
                0x08000e90                I2C_GenerateSTOP
 .text.I2C_SendData
                0x08000ed0       0x20 obj\debug\spl\src\stm32f10x_i2c.o
                0x08000ed0                I2C_SendData
 .text.I2C_Send7bitAddress
                0x08000ef0       0x3c obj\debug\spl\src\stm32f10x_i2c.o
                0x08000ef0                I2C_Send7bitAddress
 .text.I2C_CheckEvent
                0x08000f2c       0x70 obj\debug\spl\src\stm32f10x_i2c.o
                0x08000f2c                I2C_CheckEvent
 .text.I2C_GetFlagStatus
                0x08000f9c       0x78 obj\debug\spl\src\stm32f10x_i2c.o
                0x08000f9c                I2C_GetFlagStatus
 .text.RCC_GetClocksFreq
                0x08001014      0x1d4 obj\debug\spl\src\stm32f10x_rcc.o
                0x08001014                RCC_GetClocksFreq
 .text.RCC_APB2PeriphClockCmd
                0x080011e8       0x54 obj\debug\spl\src\stm32f10x_rcc.o
                0x080011e8                RCC_APB2PeriphClockCmd
 .text.RCC_APB1PeriphClockCmd
                0x0800123c       0x54 obj\debug\spl\src\stm32f10x_rcc.o
                0x0800123c                RCC_APB1PeriphClockCmd
 .text.RCC_APB2PeriphResetCmd
                0x08001290       0x54 obj\debug\spl\src\stm32f10x_rcc.o
                0x08001290                RCC_APB2PeriphResetCmd
 .text.RCC_APB1PeriphResetCmd
                0x080012e4       0x54 obj\debug\spl\src\stm32f10x_rcc.o
                0x080012e4                RCC_APB1PeriphResetCmd
 .text.TIM_DeInit
                0x08001338      0x2b0 obj\debug\spl\src\stm32f10x_tim.o
                0x08001338                TIM_DeInit
 .text.TIM_TimeBaseInit
                0x080015e8      0x11c obj\debug\spl\src\stm32f10x_tim.o
                0x080015e8                TIM_TimeBaseInit
 .text.TIM_OC1Init
                0x08001704      0x128 obj\debug\spl\src\stm32f10x_tim.o
                0x08001704                TIM_OC1Init
 .text.TIM_OC2Init
                0x0800182c      0x128 obj\debug\spl\src\stm32f10x_tim.o
                0x0800182c                TIM_OC2Init
 .text.TIM_OC3Init
                0x08001954      0x120 obj\debug\spl\src\stm32f10x_tim.o
                0x08001954                TIM_OC3Init
 .text.TIM_OC4Init
                0x08001a74       0xe0 obj\debug\spl\src\stm32f10x_tim.o
                0x08001a74                TIM_OC4Init
 .text.TIM_BDTRConfig
                0x08001b54       0x50 obj\debug\spl\src\stm32f10x_tim.o
                0x08001b54                TIM_BDTRConfig
 .text.TIM_TimeBaseStructInit
                0x08001ba4       0x3c obj\debug\spl\src\stm32f10x_tim.o
                0x08001ba4                TIM_TimeBaseStructInit
 .text.TIM_OCStructInit
                0x08001be0       0x54 obj\debug\spl\src\stm32f10x_tim.o
                0x08001be0                TIM_OCStructInit
 .text.TIM_BDTRStructInit
                0x08001c34       0x4c obj\debug\spl\src\stm32f10x_tim.o
                0x08001c34                TIM_BDTRStructInit
 .text.TIM_Cmd  0x08001c80       0x40 obj\debug\spl\src\stm32f10x_tim.o
                0x08001c80                TIM_Cmd
 .text.TIM_CtrlPWMOutputs
                0x08001cc0       0x50 obj\debug\spl\src\stm32f10x_tim.o
                0x08001cc0                TIM_CtrlPWMOutputs
 .text.TIM_ITConfig
                0x08001d10       0x48 obj\debug\spl\src\stm32f10x_tim.o
                0x08001d10                TIM_ITConfig
 .text.TIM_ForcedOC1Config
                0x08001d58       0x38 obj\debug\spl\src\stm32f10x_tim.o
                0x08001d58                TIM_ForcedOC1Config
 .text.TIM_ForcedOC2Config
                0x08001d90       0x40 obj\debug\spl\src\stm32f10x_tim.o
                0x08001d90                TIM_ForcedOC2Config
 .text.TIM_ForcedOC3Config
                0x08001dd0       0x38 obj\debug\spl\src\stm32f10x_tim.o
                0x08001dd0                TIM_ForcedOC3Config
 .text.TIM_ForcedOC4Config
                0x08001e08       0x40 obj\debug\spl\src\stm32f10x_tim.o
                0x08001e08                TIM_ForcedOC4Config
 .text.TIM_GetITStatus
                0x08001e48       0x60 obj\debug\spl\src\stm32f10x_tim.o
                0x08001e48                TIM_GetITStatus
 .text.TIM_ClearITPendingBit
                0x08001ea8       0x24 obj\debug\spl\src\stm32f10x_tim.o
                0x08001ea8                TIM_ClearITPendingBit
 .text.RC5_Receiver_Init
                0x08001ecc      0x1b4 obj\debug\src\rc5_ir_emul_receiver.o
                0x08001ecc                RC5_Receiver_Init
 .text.RC5_WaitForNextFallingEdge
                0x08002080       0x7c obj\debug\src\rc5_ir_emul_receiver.o
 .text.RC5_Sample_Data
                0x080020fc       0xe0 obj\debug\src\rc5_ir_emul_receiver.o
                0x080020fc                RC5_Sample_Data
 .text.RC5_MeasureFirstLowDuration
                0x080021dc      0x22c obj\debug\src\rc5_ir_emul_receiver.o
                0x080021dc                RC5_MeasureFirstLowDuration
 .text.RC5_Decode
                0x08002408      0x134 obj\debug\src\rc5_ir_emul_receiver.o
                0x08002408                RC5_Decode
 .text.RC5_RCC_Configuration
                0x0800253c       0x20 obj\debug\src\rc5_ir_emul_receiver.o
 .text.RC5_GPIO_Configuration
                0x0800255c       0x40 obj\debug\src\rc5_ir_emul_receiver.o
 .text.RC5_NVIC_Configuration
                0x0800259c       0x48 obj\debug\src\rc5_ir_emul_receiver.o
 .text.RC5_TIM_GetCounterCLKValue
                0x080025e4       0x70 obj\debug\src\rc5_ir_emul_receiver.o
 .text.initializeI2C
                0x08002654       0xa8 obj\debug\src\led_rgb.o
                0x08002654                initializeI2C
 .text.setLedI2C
                0x080026fc       0xe8 obj\debug\src\led_rgb.o
                0x080026fc                setLedI2C
 .text.setLedIRGB
                0x080027e4       0x7c obj\debug\src\led_rgb.o
                0x080027e4                setLedIRGB
 .text.InitializeGPIOOUT
                0x08002860      0x114 obj\debug\src\main.o
                0x08002860                InitializeGPIOOUT
 .text.InitializeTimer
                0x08002974      0x12c obj\debug\src\main.o
                0x08002974                InitializeTimer
 .text.EnableTimerInterrupt
                0x08002aa0       0x30 obj\debug\src\main.o
                0x08002aa0                EnableTimerInterrupt
 .text.TIM1_BRK_IRQHandler
                0x08002ad0       0x24 obj\debug\src\main.o
                0x08002ad0                TIM1_BRK_IRQHandler
 .text.TIM2_IRQHandler
                0x08002af4        0xc obj\debug\src\main.o
                0x08002af4                TIM2_IRQHandler
 .text.EXTI15_10_IRQHandler
                0x08002b00        0xc obj\debug\src\main.o
                0x08002b00                EXTI15_10_IRQHandler
 .text.TIM1_UP_IRQHandler
                0x08002b0c      0x4b0 obj\debug\src\main.o
                0x08002b0c                TIM1_UP_IRQHandler
 *fill*         0x08002fbc        0x4 
 .text.main     0x08002fc0      0x748 obj\debug\src\main.o
                0x08002fc0                main
 .text.actualizepinstate
                0x08003708       0xc8 obj\debug\src\main.o
                0x08003708                actualizepinstate
 .text.InitializeADC
                0x080037d0       0xbc obj\debug\src\power_management.o
                0x080037d0                InitializeADC
 *fill*         0x0800388c        0x4 
 .text.ReadADC  0x08003890       0xc8 obj\debug\src\power_management.o
                0x08003890                ReadADC
 .text          0x08003958       0xb0 obj\debug\src\startup_stm32f10x_md.o
                0x08003958                Reset_Handler
                0x080039a8                Default_Handler
                0x080039aa                WWDG_IRQHandler
                0x080039ac                PVD_IRQHandler
                0x080039ae                TAMPER_IRQHandler
                0x080039b0                RTC_IRQHandler
                0x080039b2                FLASH_IRQHandler
                0x080039b4                RCC_IRQHandler
                0x080039b6                EXTI0_IRQHandler
                0x080039b8                EXTI1_IRQHandler
                0x080039ba                EXTI2_IRQHandler
                0x080039bc                EXTI3_IRQHandler
                0x080039be                EXTI4_IRQHandler
                0x080039c0                DMA1_Channel1_IRQHandler
                0x080039c2                DMA1_Channel2_IRQHandler
                0x080039c4                DMA1_Channel3_IRQHandler
                0x080039c6                DMA1_Channel4_IRQHandler
                0x080039c8                DMA1_Channel5_IRQHandler
                0x080039ca                DMA1_Channel6_IRQHandler
                0x080039cc                DMA1_Channel7_IRQHandler
                0x080039ce                ADC1_2_IRQHandler
                0x080039d0                USB_HP_CAN1_TX_IRQHandler
                0x080039d2                USB_LP_CAN1_RX0_IRQHandler
                0x080039d4                CAN1_RX1_IRQHandler
                0x080039d6                CAN1_SCE_IRQHandler
                0x080039d8                EXTI9_5_IRQHandler
                0x080039de                TIM1_TRG_COM_IRQHandler
                0x080039e0                TIM1_CC_IRQHandler
                0x080039e4                TIM3_IRQHandler
                0x080039e6                TIM4_IRQHandler
                0x080039e8                I2C1_EV_IRQHandler
                0x080039ea                I2C1_ER_IRQHandler
                0x080039ec                I2C2_EV_IRQHandler
                0x080039ee                I2C2_ER_IRQHandler
                0x080039f0                SPI1_IRQHandler
                0x080039f2                SPI2_IRQHandler
                0x080039f4                USART1_IRQHandler
                0x080039f6                USART2_IRQHandler
                0x080039f8                USART3_IRQHandler
                0x080039fc                RTCAlarm_IRQHandler
                0x080039fe                USBWakeUp_IRQHandler
 .text.NMI_Handler
                0x08003a08        0xc obj\debug\src\stm32f10x_it.o
                0x08003a08                NMI_Handler
 .text.HardFault_Handler
                0x08003a14        0x8 obj\debug\src\stm32f10x_it.o
                0x08003a14                HardFault_Handler
 .text.MemManage_Handler
                0x08003a1c        0x8 obj\debug\src\stm32f10x_it.o
                0x08003a1c                MemManage_Handler
 .text.BusFault_Handler
                0x08003a24        0x8 obj\debug\src\stm32f10x_it.o
                0x08003a24                BusFault_Handler
 .text.UsageFault_Handler
                0x08003a2c        0x8 obj\debug\src\stm32f10x_it.o
                0x08003a2c                UsageFault_Handler
 .text.SVC_Handler
                0x08003a34        0xc obj\debug\src\stm32f10x_it.o
                0x08003a34                SVC_Handler
 .text.DebugMon_Handler
                0x08003a40        0xc obj\debug\src\stm32f10x_it.o
                0x08003a40                DebugMon_Handler
 .text.PendSV_Handler
                0x08003a4c        0xc obj\debug\src\stm32f10x_it.o
                0x08003a4c                PendSV_Handler
 .text.SysTick_Handler
                0x08003a58        0xc obj\debug\src\stm32f10x_it.o
                0x08003a58                SysTick_Handler
 .text          0x08003a64      0x370 c:/program files (x86)/emblocks/2.30/share/em_armgcc/bin/../lib/gcc/arm-none-eabi/4.7.3/armv7-m\libgcc.a(_arm_addsubdf3.o)
                0x08003a64                __aeabi_drsub
                0x08003a6c                __aeabi_dsub
                0x08003a6c                __subdf3
                0x08003a70                __aeabi_dadd
                0x08003a70                __adddf3
                0x08003ce8                __floatunsidf
                0x08003ce8                __aeabi_ui2d
                0x08003d08                __floatsidf
                0x08003d08                __aeabi_i2d
                0x08003d2c                __aeabi_f2d
                0x08003d2c                __extendsfdf2
                0x08003d68                __floatundidf
                0x08003d68                __aeabi_ul2d
                0x08003d78                __floatdidf
                0x08003d78                __aeabi_l2d
 .text          0x08003dd4      0x424 c:/program files (x86)/emblocks/2.30/share/em_armgcc/bin/../lib/gcc/arm-none-eabi/4.7.3/armv7-m\libgcc.a(_arm_muldivdf3.o)
                0x08003dd4                __aeabi_dmul
                0x08003dd4                __muldf3
                0x08004028                __divdf3
                0x08004028                __aeabi_ddiv
 .text          0x080041f8      0x110 c:/program files (x86)/emblocks/2.30/share/em_armgcc/bin/../lib/gcc/arm-none-eabi/4.7.3/armv7-m\libgcc.a(_arm_cmpdf2.o)
                0x080041f8                __gtdf2
                0x080041f8                __gedf2
                0x08004200                __ltdf2
                0x08004200                __ledf2
                0x08004208                __nedf2
                0x08004208                __eqdf2
                0x08004208                __cmpdf2
                0x08004284                __aeabi_cdrcmple
                0x08004294                __aeabi_cdcmpeq
                0x08004294                __aeabi_cdcmple
                0x080042a4                __aeabi_dcmpeq
                0x080042b8                __aeabi_dcmplt
                0x080042cc                __aeabi_dcmple
                0x080042e0                __aeabi_dcmpge
                0x080042f4                __aeabi_dcmpgt
 .text          0x08004308       0x50 c:/program files (x86)/emblocks/2.30/share/em_armgcc/bin/../lib/gcc/arm-none-eabi/4.7.3/armv7-m\libgcc.a(_arm_fixdfsi.o)
                0x08004308                __aeabi_d2iz
                0x08004308                __fixdfsi
 .text          0x08004358       0xa0 c:/program files (x86)/emblocks/2.30/share/em_armgcc/bin/../lib/gcc/arm-none-eabi/4.7.3/armv7-m\libgcc.a(_arm_truncdfsf2.o)
                0x08004358                __truncdfsf2
                0x08004358                __aeabi_d2f
 .text          0x080043f8      0x21c c:/program files (x86)/emblocks/2.30/share/em_armgcc/bin/../lib/gcc/arm-none-eabi/4.7.3/armv7-m\libgcc.a(_arm_addsubsf3.o)
                0x080043f8                __aeabi_frsub
                0x08004400                __subsf3
                0x08004400                __aeabi_fsub
                0x08004404                __aeabi_fadd
                0x08004404                __addsf3
                0x08004564                __aeabi_ui2f
                0x08004564                __floatunsisf
                0x0800456c                __aeabi_i2f
                0x0800456c                __floatsisf
                0x08004588                __aeabi_ul2f
                0x08004588                __floatundisf
                0x08004598                __aeabi_l2f
                0x08004598                __floatdisf
 .text          0x08004614      0x2a0 c:/program files (x86)/emblocks/2.30/share/em_armgcc/bin/../lib/gcc/arm-none-eabi/4.7.3/armv7-m\libgcc.a(_arm_muldivsf3.o)
                0x08004614                __mulsf3
                0x08004614                __aeabi_fmul
                0x0800477c                __aeabi_fdiv
                0x0800477c                __divsf3
 .text          0x080048b4       0xec c:/program files (x86)/emblocks/2.30/share/em_armgcc/bin/../lib/gcc/arm-none-eabi/4.7.3/armv7-m\libgcc.a(_arm_cmpsf2.o)
                0x080048b4                __gesf2
                0x080048b4                __gtsf2
                0x080048bc                __lesf2
                0x080048bc                __ltsf2
                0x080048c4                __nesf2
                0x080048c4                __eqsf2
                0x080048c4                __cmpsf2
                0x08004924                __aeabi_cfrcmple
                0x0800492c                __aeabi_cfcmpeq
                0x0800492c                __aeabi_cfcmple
                0x0800493c                __aeabi_fcmpeq
                0x08004950                __aeabi_fcmplt
                0x08004964                __aeabi_fcmple
                0x08004978                __aeabi_fcmpge
                0x0800498c                __aeabi_fcmpgt
 .text          0x080049a0       0x4c c:/program files (x86)/emblocks/2.30/share/em_armgcc/bin/../lib/gcc/arm-none-eabi/4.7.3/armv7-m\libgcc.a(_arm_fixsfsi.o)
                0x080049a0                __aeabi_f2iz
                0x080049a0                __fixsfsi
 .text.exit     0x080049ec       0x28 c:/program files (x86)/emblocks/2.30/share/em_armgcc/bin/../lib/gcc/arm-none-eabi/4.7.3/../../../../arm-none-eabi/lib/armv7-m\libc_n.a(lib_a-exit.o)
                0x080049ec                exit
 .text.__libc_init_array
                0x08004a14       0x4c c:/program files (x86)/emblocks/2.30/share/em_armgcc/bin/../lib/gcc/arm-none-eabi/4.7.3/../../../../arm-none-eabi/lib/armv7-m\libc_n.a(lib_a-init.o)
                0x08004a14                __libc_init_array
 .text.memset   0x08004a60       0x10 c:/program files (x86)/emblocks/2.30/share/em_armgcc/bin/../lib/gcc/arm-none-eabi/4.7.3/../../../../arm-none-eabi/lib/armv7-m\libc_n.a(lib_a-memset.o)
                0x08004a60                memset
 .text._exit    0x08004a70        0x4 c:/program files (x86)/emblocks/2.30/share/em_armgcc/bin/../lib/gcc/arm-none-eabi/4.7.3/../../../../arm-none-eabi/lib/armv7-m\libnosys.a(_exit.o)
                0x08004a70                _exit
 *(.init)
 .init          0x08004a74        0x4 c:/program files (x86)/emblocks/2.30/share/em_armgcc/bin/../lib/gcc/arm-none-eabi/4.7.3/armv7-m/crti.o
                0x08004a74                _init
 .init          0x08004a78        0x8 c:/program files (x86)/emblocks/2.30/share/em_armgcc/bin/../lib/gcc/arm-none-eabi/4.7.3/armv7-m/crtn.o
 *(.fini)
 .fini          0x08004a80        0x4 c:/program files (x86)/emblocks/2.30/share/em_armgcc/bin/../lib/gcc/arm-none-eabi/4.7.3/armv7-m/crti.o
                0x08004a80                _fini
 .fini          0x08004a84        0x8 c:/program files (x86)/emblocks/2.30/share/em_armgcc/bin/../lib/gcc/arm-none-eabi/4.7.3/armv7-m/crtn.o
 *crtbegin.o(.ctors)
 *crtbegin?.o(.ctors)
 *(EXCLUDE_FILE(*crtend.o *crtend?.o) .ctors)
 *(SORT(.ctors.*))
 *(.ctors)
 *crtbegin.o(.dtors)
 *crtbegin?.o(.dtors)
 *(EXCLUDE_FILE(*crtend.o *crtend?.o) .dtors)
 *(SORT(.dtors.*))
 *(.dtors)
 *(.rodata*)
 .rodata.str1.1
                0x08004a8c        0x2 c:/program files (x86)/emblocks/2.30/share/em_armgcc/bin/../lib/gcc/arm-none-eabi/4.7.3/../../../../arm-none-eabi/lib/armv7-m\libc_n.a(lib_a-impure.o)
 *fill*         0x08004a8e        0x2 
 .rodata._global_impure_ptr
                0x08004a90        0x4 c:/program files (x86)/emblocks/2.30/share/em_armgcc/bin/../lib/gcc/arm-none-eabi/4.7.3/../../../../arm-none-eabi/lib/armv7-m\libc_n.a(lib_a-impure.o)
                0x08004a90                _global_impure_ptr
 *(.eh_frame*)
 .eh_frame      0x08004a94        0x0 c:/program files (x86)/emblocks/2.30/share/em_armgcc/bin/../lib/gcc/arm-none-eabi/4.7.3/armv7-m/crtbegin.o
 .eh_frame      0x08004a94        0x4 c:/program files (x86)/emblocks/2.30/share/em_armgcc/bin/../lib/gcc/arm-none-eabi/4.7.3/armv7-m/crtend.o

.glue_7         0x08004a98        0x0
 .glue_7        0x00000000        0x0 linker stubs

.glue_7t        0x08004a98        0x0
 .glue_7t       0x00000000        0x0 linker stubs

.vfp11_veneer   0x08004a98        0x0
 .vfp11_veneer  0x00000000        0x0 linker stubs

.v4_bx          0x08004a98        0x0
 .v4_bx         0x00000000        0x0 linker stubs

.iplt           0x08004a98        0x0
 .iplt          0x00000000        0x0 c:/program files (x86)/emblocks/2.30/share/em_armgcc/bin/../lib/gcc/arm-none-eabi/4.7.3/armv7-m/crtbegin.o

.ARM.extab
 *(.ARM.extab* .gnu.linkonce.armextab.*)
                0x08004a98                __exidx_start = .

.ARM.exidx      0x08004a98        0x8
 *(.ARM.exidx* .gnu.linkonce.armexidx.*)
 .ARM.exidx     0x08004a98        0x8 c:/program files (x86)/emblocks/2.30/share/em_armgcc/bin/../lib/gcc/arm-none-eabi/4.7.3/../../../../arm-none-eabi/lib/armv7-m/crt0.o
                0x08004aa0                __exidx_end = .
                0x08004aa0                __etext = .

.rel.dyn        0x08004aa0        0x0
 .rel.iplt      0x00000000        0x0 c:/program files (x86)/emblocks/2.30/share/em_armgcc/bin/../lib/gcc/arm-none-eabi/4.7.3/armv7-m/crtbegin.o

.data           0x20000000       0x94 load address 0x08004aa0
                0x20000000                __data_start__ = .
 *(vtable)
 *(.data*)
 .data.APBAHBPrescTable
                0x20000000       0x10 obj\debug\spl\src\stm32f10x_rcc.o
 .data.ADCPrescTable
                0x20000010        0x4 obj\debug\spl\src\stm32f10x_rcc.o
 .data.BitTimeStatus
                0x20000014        0x1 obj\debug\src\rc5_ir_emul_receiver.o
                0x20000014                BitTimeStatus
 .data.FirstTimeIssued
                0x20000015        0x1 obj\debug\src\main.o
                0x20000015                FirstTimeIssued
 *fill*         0x20000016        0x2 
 .data.ui_amplitude_angle
                0x20000018        0x4 obj\debug\src\main.o
                0x20000018                ui_amplitude_angle
 .data.ui_frequency
                0x2000001c        0x4 obj\debug\src\main.o
                0x2000001c                ui_frequency
 .data.ui_motor_breaked
                0x20000020        0x4 obj\debug\src\main.o
                0x20000020                ui_motor_breaked
 .data.amplitude_angle.7722
                0x20000024        0x4 obj\debug\src\main.o
 .data.frequency.7723
                0x20000028        0x4 obj\debug\src\main.o
 .data.impure_data
                0x2000002c       0x60 c:/program files (x86)/emblocks/2.30/share/em_armgcc/bin/../lib/gcc/arm-none-eabi/4.7.3/../../../../arm-none-eabi/lib/armv7-m\libc_n.a(lib_a-impure.o)
                0x2000008c                . = ALIGN (0x4)
                0x2000008c                PROVIDE (__preinit_array_start, .)
 *(.preinit_array)
                0x2000008c                PROVIDE (__preinit_array_end, .)
                0x2000008c                . = ALIGN (0x4)
                0x2000008c                PROVIDE (__init_array_start, .)
 *(SORT(.init_array.*))
 *(.init_array)
 .init_array    0x2000008c        0x4 c:/program files (x86)/emblocks/2.30/share/em_armgcc/bin/../lib/gcc/arm-none-eabi/4.7.3/armv7-m/crtbegin.o
                0x20000090                PROVIDE (__init_array_end, .)
                0x20000090                . = ALIGN (0x4)
                0x20000090                PROVIDE (__fini_array_start, .)
 *(SORT(.fini_array.*))
 *(.fini_array)
 .fini_array    0x20000090        0x4 c:/program files (x86)/emblocks/2.30/share/em_armgcc/bin/../lib/gcc/arm-none-eabi/4.7.3/armv7-m/crtbegin.o
                0x20000094                PROVIDE (__fini_array_end, .)
                0x20000094                . = ALIGN (0x4)
                0x20000094                __data_end__ = .

.jcr            0x20000094        0x0 load address 0x08004b34
 .jcr           0x20000094        0x0 c:/program files (x86)/emblocks/2.30/share/em_armgcc/bin/../lib/gcc/arm-none-eabi/4.7.3/armv7-m/crtbegin.o

.igot.plt       0x20000094        0x0 load address 0x08004b34
 .igot.plt      0x00000000        0x0 c:/program files (x86)/emblocks/2.30/share/em_armgcc/bin/../lib/gcc/arm-none-eabi/4.7.3/armv7-m/crtbegin.o

.bss            0x20000094       0xab load address 0x08004b34
                0x20000094                __bss_start__ = .
 *(.bss*)
 .bss           0x20000094       0x1c c:/program files (x86)/emblocks/2.30/share/em_armgcc/bin/../lib/gcc/arm-none-eabi/4.7.3/armv7-m/crtbegin.o
 .bss.EdgesNumber
                0x200000b0        0x1 obj\debug\src\rc5_ir_emul_receiver.o
                0x200000b0                EdgesNumber
 .bss.Bit4_HasBeen_Sampled
                0x200000b1        0x1 obj\debug\src\rc5_ir_emul_receiver.o
                0x200000b1                Bit4_HasBeen_Sampled
 .bss.RC5_FrameReceived
                0x200000b2        0x1 obj\debug\src\rc5_ir_emul_receiver.o
                0x200000b2                RC5_FrameReceived
 .bss.FieldBit  0x200000b3        0x1 obj\debug\src\rc5_ir_emul_receiver.o
                0x200000b3                FieldBit
 .bss.RC5_Indexdata
                0x200000b4        0x1 obj\debug\src\rc5_ir_emul_receiver.o
                0x200000b4                RC5_Indexdata
 *fill*         0x200000b5        0x1 
 .bss.LowDuration
                0x200000b6        0x2 obj\debug\src\rc5_ir_emul_receiver.o
                0x200000b6                LowDuration
 .bss.RC5_TIM_CLKValuekHz
                0x200000b8        0x4 obj\debug\src\rc5_ir_emul_receiver.o
                0x200000b8                RC5_TIM_CLKValuekHz
 .bss.HalfBitDurationCount_Min
                0x200000bc        0x2 obj\debug\src\rc5_ir_emul_receiver.o
                0x200000bc                HalfBitDurationCount_Min
 .bss.HalfBitDurationCount_Max
                0x200000be        0x2 obj\debug\src\rc5_ir_emul_receiver.o
                0x200000be                HalfBitDurationCount_Max
 .bss.NominalHalfBitDurationCount
                0x200000c0        0x2 obj\debug\src\rc5_ir_emul_receiver.o
                0x200000c0                NominalHalfBitDurationCount
 .bss.FullBitDurationCount_Min
                0x200000c2        0x2 obj\debug\src\rc5_ir_emul_receiver.o
                0x200000c2                FullBitDurationCount_Min
 .bss.FullBitDurationCount_Max
                0x200000c4        0x2 obj\debug\src\rc5_ir_emul_receiver.o
                0x200000c4                FullBitDurationCount_Max
 .bss.NominalBitDurationCount
                0x200000c6        0x2 obj\debug\src\rc5_ir_emul_receiver.o
                0x200000c6                NominalBitDurationCount
 .bss.NominalBitDurationCount_3div4
                0x200000c8        0x2 obj\debug\src\rc5_ir_emul_receiver.o
                0x200000c8                NominalBitDurationCount_3div4
 .bss.RC5_TogglePrevious
                0x200000ca        0x1 obj\debug\src\main.o
                0x200000ca                RC5_TogglePrevious
 *fill*         0x200000cb        0x1 
 .bss.new_data_ready
                0x200000cc        0x4 obj\debug\src\main.o
                0x200000cc                new_data_ready
 .bss.new_motor_speed
                0x200000d0        0x4 obj\debug\src\main.o
                0x200000d0                new_motor_speed
 .bss.new_motor_counter_init
                0x200000d4        0x4 obj\debug\src\main.o
                0x200000d4                new_motor_counter_init
 .bss.new_nbr_step_max
                0x200000d8        0x4 obj\debug\src\main.o
                0x200000d8                new_nbr_step_max
 .bss.CountTime
                0x200000dc        0x4 obj\debug\src\main.o
                0x200000dc                CountTime
 .bss.nbr_step_max_updated.7724
                0x200000e0        0x4 obj\debug\src\main.o
 .bss.motor_counter_init_updated.7725
                0x200000e4        0x4 obj\debug\src\main.o
 .bss.motor_speed.7703
                0x200000e8        0x4 obj\debug\src\main.o
 .bss.motor_counter_init.7705
                0x200000ec        0x4 obj\debug\src\main.o
 .bss.motor_counter.7704
                0x200000f0        0x4 obj\debug\src\main.o
 .bss.nbr_step_max.7706
                0x200000f4        0x4 obj\debug\src\main.o
 .bss.position.7707
                0x200000f8        0x4 obj\debug\src\main.o
 .bss.delta_step.7709
                0x200000fc        0x4 obj\debug\src\main.o
 .bss.phase.7708
                0x20000100        0x4 obj\debug\src\main.o
 *(COMMON)
 COMMON         0x20000104       0x26 obj\debug\src\rc5_ir_emul_receiver.o
                0x20000104                TIM_TimeBaseStructure
                0x20000110                RC5_data
 *fill*         0x2000012a        0x2 
 COMMON         0x2000012c       0x13 obj\debug\src\main.o
                0x2000012c                MOTOR_PHC
                0x20000130                MOTOR_PHA
                0x20000134                MOTOR_PHD
                0x20000138                MOTOR_PHB
                0x2000013c                RC5_Frame
                0x2000013f                __bss_end__ = .

.heap           0x20000140        0x0
                0x20000140                __end__ = .
                0x20000140                end = __end__
 *(.heap*)
 .heap          0x20000140        0x0 obj\debug\src\startup_stm32f10x_md.o
                0x20000140                __HeapLimit = .

.stack_dummy    0x20000140      0x100
 *(.stack)
 .stack         0x20000140      0x100 obj\debug\src\startup_stm32f10x_md.o
                0x20005000                __StackTop = (ORIGIN (RAM) + 0x5000)
                0x20004f00                __StackLimit = (__StackTop - SIZEOF (.stack_dummy))
                0x20005000                PROVIDE (__stack, __StackTop)
                0x00000001                ASSERT ((__StackLimit >= __HeapLimit), region RAM overflowed with stack)
LOAD obj\debug\spl\src\misc.o
LOAD obj\debug\spl\src\stm32f10x_adc.o
LOAD obj\debug\spl\src\stm32f10x_bkp.o
LOAD obj\debug\spl\src\stm32f10x_can.o
LOAD obj\debug\spl\src\stm32f10x_cec.o
LOAD obj\debug\spl\src\stm32f10x_crc.o
LOAD obj\debug\spl\src\stm32f10x_dac.o
LOAD obj\debug\spl\src\stm32f10x_dbgmcu.o
LOAD obj\debug\spl\src\stm32f10x_dma.o
LOAD obj\debug\spl\src\stm32f10x_exti.o
LOAD obj\debug\spl\src\stm32f10x_flash.o
LOAD obj\debug\spl\src\stm32f10x_fsmc.o
LOAD obj\debug\spl\src\stm32f10x_gpio.o
LOAD obj\debug\spl\src\stm32f10x_i2c.o
LOAD obj\debug\spl\src\stm32f10x_iwdg.o
LOAD obj\debug\spl\src\stm32f10x_pwr.o
LOAD obj\debug\spl\src\stm32f10x_rcc.o
LOAD obj\debug\spl\src\stm32f10x_rtc.o
LOAD obj\debug\spl\src\stm32f10x_sdio.o
LOAD obj\debug\spl\src\stm32f10x_spi.o
LOAD obj\debug\spl\src\stm32f10x_tim.o
LOAD obj\debug\spl\src\stm32f10x_usart.o
LOAD obj\debug\spl\src\stm32f10x_wwdg.o
LOAD obj\debug\src\rc5_ir_emul_receiver.o
LOAD obj\debug\src\led_rgb.o
LOAD obj\debug\src\main.o
LOAD obj\debug\src\power_management.o
LOAD obj\debug\src\startup_stm32f10x_md.o
LOAD obj\debug\src\stm32f10x_it.o
LOAD obj\debug\src\system_stm32f10x.o
START GROUP
LOAD c:/program files (x86)/emblocks/2.30/share/em_armgcc/bin/../lib/gcc/arm-none-eabi/4.7.3/armv7-m\libgcc.a
LOAD c:/program files (x86)/emblocks/2.30/share/em_armgcc/bin/../lib/gcc/arm-none-eabi/4.7.3/../../../../arm-none-eabi/lib/armv7-m\libc_n.a
LOAD c:/program files (x86)/emblocks/2.30/share/em_armgcc/bin/../lib/gcc/arm-none-eabi/4.7.3/../../../../arm-none-eabi/lib/armv7-m\libg_n.a
LOAD c:/program files (x86)/emblocks/2.30/share/em_armgcc/bin/../lib/gcc/arm-none-eabi/4.7.3/../../../../arm-none-eabi/lib/armv7-m\libnosys.a
END GROUP
LOAD c:/program files (x86)/emblocks/2.30/share/em_armgcc/bin/../lib/gcc/arm-none-eabi/4.7.3/armv7-m/crtend.o
LOAD c:/program files (x86)/emblocks/2.30/share/em_armgcc/bin/../lib/gcc/arm-none-eabi/4.7.3/armv7-m/crtn.o
OUTPUT(bin\Debug\ProjSemFishLureFinal.elf elf32-littlearm)

.ARM.attributes
                0x00000000       0x29
 .ARM.attributes
                0x00000000       0x1d c:/program files (x86)/emblocks/2.30/share/em_armgcc/bin/../lib/gcc/arm-none-eabi/4.7.3/armv7-m/crti.o
 .ARM.attributes
                0x0000001d       0x2d c:/program files (x86)/emblocks/2.30/share/em_armgcc/bin/../lib/gcc/arm-none-eabi/4.7.3/armv7-m/crtbegin.o
 .ARM.attributes
                0x0000004a       0x1b c:/program files (x86)/emblocks/2.30/share/em_armgcc/bin/../lib/gcc/arm-none-eabi/4.7.3/../../../../arm-none-eabi/lib/armv7-m/crt0.o
 .ARM.attributes
                0x00000065       0x33 obj\debug\spl\src\misc.o
 .ARM.attributes
                0x00000098       0x33 obj\debug\spl\src\stm32f10x_adc.o
 .ARM.attributes
                0x000000cb       0x33 obj\debug\spl\src\stm32f10x_exti.o
 .ARM.attributes
                0x000000fe       0x33 obj\debug\spl\src\stm32f10x_gpio.o
 .ARM.attributes
                0x00000131       0x33 obj\debug\spl\src\stm32f10x_i2c.o
 .ARM.attributes
                0x00000164       0x33 obj\debug\spl\src\stm32f10x_rcc.o
 .ARM.attributes
                0x00000197       0x33 obj\debug\spl\src\stm32f10x_tim.o
 .ARM.attributes
                0x000001ca       0x33 obj\debug\src\rc5_ir_emul_receiver.o
 .ARM.attributes
                0x000001fd       0x33 obj\debug\src\led_rgb.o
 .ARM.attributes
                0x00000230       0x33 obj\debug\src\main.o
 .ARM.attributes
                0x00000263       0x33 obj\debug\src\power_management.o
 .ARM.attributes
                0x00000296       0x1b obj\debug\src\startup_stm32f10x_md.o
 .ARM.attributes
                0x000002b1       0x33 obj\debug\src\stm32f10x_it.o
 .ARM.attributes
                0x000002e4       0x1d c:/program files (x86)/emblocks/2.30/share/em_armgcc/bin/../lib/gcc/arm-none-eabi/4.7.3/armv7-m\libgcc.a(_arm_addsubdf3.o)
 .ARM.attributes
                0x00000301       0x1d c:/program files (x86)/emblocks/2.30/share/em_armgcc/bin/../lib/gcc/arm-none-eabi/4.7.3/armv7-m\libgcc.a(_arm_muldivdf3.o)
 .ARM.attributes
                0x0000031e       0x1d c:/program files (x86)/emblocks/2.30/share/em_armgcc/bin/../lib/gcc/arm-none-eabi/4.7.3/armv7-m\libgcc.a(_arm_cmpdf2.o)
 .ARM.attributes
                0x0000033b       0x1d c:/program files (x86)/emblocks/2.30/share/em_armgcc/bin/../lib/gcc/arm-none-eabi/4.7.3/armv7-m\libgcc.a(_arm_fixdfsi.o)
 .ARM.attributes
                0x00000358       0x1d c:/program files (x86)/emblocks/2.30/share/em_armgcc/bin/../lib/gcc/arm-none-eabi/4.7.3/armv7-m\libgcc.a(_arm_truncdfsf2.o)
 .ARM.attributes
                0x00000375       0x1d c:/program files (x86)/emblocks/2.30/share/em_armgcc/bin/../lib/gcc/arm-none-eabi/4.7.3/armv7-m\libgcc.a(_arm_addsubsf3.o)
 .ARM.attributes
                0x00000392       0x1d c:/program files (x86)/emblocks/2.30/share/em_armgcc/bin/../lib/gcc/arm-none-eabi/4.7.3/armv7-m\libgcc.a(_arm_muldivsf3.o)
 .ARM.attributes
                0x000003af       0x1d c:/program files (x86)/emblocks/2.30/share/em_armgcc/bin/../lib/gcc/arm-none-eabi/4.7.3/armv7-m\libgcc.a(_arm_cmpsf2.o)
 .ARM.attributes
                0x000003cc       0x1d c:/program files (x86)/emblocks/2.30/share/em_armgcc/bin/../lib/gcc/arm-none-eabi/4.7.3/armv7-m\libgcc.a(_arm_fixsfsi.o)
 .ARM.attributes
                0x000003e9       0x2d c:/program files (x86)/emblocks/2.30/share/em_armgcc/bin/../lib/gcc/arm-none-eabi/4.7.3/../../../../arm-none-eabi/lib/armv7-m\libc_n.a(lib_a-exit.o)
 .ARM.attributes
                0x00000416       0x2d c:/program files (x86)/emblocks/2.30/share/em_armgcc/bin/../lib/gcc/arm-none-eabi/4.7.3/../../../../arm-none-eabi/lib/armv7-m\libc_n.a(lib_a-impure.o)
 .ARM.attributes
                0x00000443       0x2d c:/program files (x86)/emblocks/2.30/share/em_armgcc/bin/../lib/gcc/arm-none-eabi/4.7.3/../../../../arm-none-eabi/lib/armv7-m\libc_n.a(lib_a-init.o)
 .ARM.attributes
                0x00000470       0x2d c:/program files (x86)/emblocks/2.30/share/em_armgcc/bin/../lib/gcc/arm-none-eabi/4.7.3/../../../../arm-none-eabi/lib/armv7-m\libc_n.a(lib_a-memset.o)
 .ARM.attributes
                0x0000049d       0x2d c:/program files (x86)/emblocks/2.30/share/em_armgcc/bin/../lib/gcc/arm-none-eabi/4.7.3/../../../../arm-none-eabi/lib/armv7-m\libnosys.a(_exit.o)
 .ARM.attributes
                0x000004ca       0x2d c:/program files (x86)/emblocks/2.30/share/em_armgcc/bin/../lib/gcc/arm-none-eabi/4.7.3/armv7-m/crtend.o
 .ARM.attributes
                0x000004f7       0x1d c:/program files (x86)/emblocks/2.30/share/em_armgcc/bin/../lib/gcc/arm-none-eabi/4.7.3/armv7-m/crtn.o

.comment        0x00000000       0x38
 .comment       0x00000000       0x38 obj\debug\spl\src\misc.o
                                 0x39 (size before relaxing)
 .comment       0x00000000       0x39 obj\debug\spl\src\stm32f10x_adc.o
 .comment       0x00000000       0x39 obj\debug\spl\src\stm32f10x_exti.o
 .comment       0x00000000       0x39 obj\debug\spl\src\stm32f10x_gpio.o
 .comment       0x00000000       0x39 obj\debug\spl\src\stm32f10x_i2c.o
 .comment       0x00000000       0x39 obj\debug\spl\src\stm32f10x_rcc.o
 .comment       0x00000000       0x39 obj\debug\spl\src\stm32f10x_tim.o
 .comment       0x00000000       0x39 obj\debug\src\rc5_ir_emul_receiver.o
 .comment       0x00000000       0x39 obj\debug\src\led_rgb.o
 .comment       0x00000000       0x39 obj\debug\src\main.o
 .comment       0x00000000       0x39 obj\debug\src\power_management.o
 .comment       0x00000000       0x39 obj\debug\src\stm32f10x_it.o

.debug_info     0x00000000     0x730a
 .debug_info    0x00000000      0x5bb obj\debug\spl\src\misc.o
 .debug_info    0x000005bb      0xc6a obj\debug\spl\src\stm32f10x_adc.o
 .debug_info    0x00001225      0x38b obj\debug\spl\src\stm32f10x_exti.o
 .debug_info    0x000015b0      0x76d obj\debug\spl\src\stm32f10x_gpio.o
 .debug_info    0x00001d1d      0xbed obj\debug\spl\src\stm32f10x_i2c.o
 .debug_info    0x0000290a      0x959 obj\debug\spl\src\stm32f10x_rcc.o
 .debug_info    0x00003263     0x1eab obj\debug\spl\src\stm32f10x_tim.o
 .debug_info    0x0000510e      0xbce obj\debug\src\rc5_ir_emul_receiver.o
 .debug_info    0x00005cdc      0x488 obj\debug\src\led_rgb.o
 .debug_info    0x00006164      0xb5d obj\debug\src\main.o
 .debug_info    0x00006cc1      0x46c obj\debug\src\power_management.o
 .debug_info    0x0000712d       0x73 obj\debug\src\startup_stm32f10x_md.o
 .debug_info    0x000071a0      0x16a obj\debug\src\stm32f10x_it.o

.debug_abbrev   0x00000000     0x10eb
 .debug_abbrev  0x00000000      0x12e obj\debug\spl\src\misc.o
 .debug_abbrev  0x0000012e      0x19f obj\debug\spl\src\stm32f10x_adc.o
 .debug_abbrev  0x000002cd      0x158 obj\debug\spl\src\stm32f10x_exti.o
 .debug_abbrev  0x00000425      0x1cf obj\debug\spl\src\stm32f10x_gpio.o
 .debug_abbrev  0x000005f4      0x16b obj\debug\spl\src\stm32f10x_i2c.o
 .debug_abbrev  0x0000075f      0x1c1 obj\debug\spl\src\stm32f10x_rcc.o
 .debug_abbrev  0x00000920      0x1b7 obj\debug\spl\src\stm32f10x_tim.o
 .debug_abbrev  0x00000ad7      0x1d0 obj\debug\src\rc5_ir_emul_receiver.o
 .debug_abbrev  0x00000ca7      0x112 obj\debug\src\led_rgb.o
 .debug_abbrev  0x00000db9      0x199 obj\debug\src\main.o
 .debug_abbrev  0x00000f52      0x119 obj\debug\src\power_management.o
 .debug_abbrev  0x0000106b       0x14 obj\debug\src\startup_stm32f10x_md.o
 .debug_abbrev  0x0000107f       0x6c obj\debug\src\stm32f10x_it.o

.debug_loc      0x00000000     0x36a8
 .debug_loc     0x00000000      0x118 obj\debug\spl\src\misc.o
 .debug_loc     0x00000118      0x7d4 obj\debug\spl\src\stm32f10x_adc.o
 .debug_loc     0x000008ec      0x1b4 obj\debug\spl\src\stm32f10x_exti.o
 .debug_loc     0x00000aa0      0x3e4 obj\debug\spl\src\stm32f10x_gpio.o
 .debug_loc     0x00000e84      0x738 obj\debug\spl\src\stm32f10x_i2c.o
 .debug_loc     0x000015bc      0x6dc obj\debug\spl\src\stm32f10x_rcc.o
 .debug_loc     0x00001c98     0x13e8 obj\debug\spl\src\stm32f10x_tim.o
 .debug_loc     0x00003080      0x1c8 obj\debug\src\rc5_ir_emul_receiver.o
 .debug_loc     0x00003248       0xa8 obj\debug\src\led_rgb.o
 .debug_loc     0x000032f0      0x1bc obj\debug\src\main.o
 .debug_loc     0x000034ac       0x70 obj\debug\src\power_management.o
 .debug_loc     0x0000351c      0x18c obj\debug\src\stm32f10x_it.o

.debug_aranges  0x00000000      0x938
 .debug_aranges
                0x00000000       0x40 obj\debug\spl\src\misc.o
 .debug_aranges
                0x00000040      0x138 obj\debug\spl\src\stm32f10x_adc.o
 .debug_aranges
                0x00000178       0x58 obj\debug\spl\src\stm32f10x_exti.o
 .debug_aranges
                0x000001d0       0xa8 obj\debug\spl\src\stm32f10x_gpio.o
 .debug_aranges
                0x00000278      0x120 obj\debug\spl\src\stm32f10x_i2c.o
 .debug_aranges
                0x00000398      0x118 obj\debug\spl\src\stm32f10x_rcc.o
 .debug_aranges
                0x000004b0      0x2f0 obj\debug\spl\src\stm32f10x_tim.o
 .debug_aranges
                0x000007a0       0x60 obj\debug\src\rc5_ir_emul_receiver.o
 .debug_aranges
                0x00000800       0x30 obj\debug\src\led_rgb.o
 .debug_aranges
                0x00000830       0x60 obj\debug\src\main.o
 .debug_aranges
                0x00000890       0x28 obj\debug\src\power_management.o
 .debug_aranges
                0x000008b8       0x20 obj\debug\src\startup_stm32f10x_md.o
 .debug_aranges
                0x000008d8       0x60 obj\debug\src\stm32f10x_it.o

.debug_ranges   0x00000000      0x858
 .debug_ranges  0x00000000       0x30 obj\debug\spl\src\misc.o
 .debug_ranges  0x00000030      0x128 obj\debug\spl\src\stm32f10x_adc.o
 .debug_ranges  0x00000158       0x48 obj\debug\spl\src\stm32f10x_exti.o
 .debug_ranges  0x000001a0       0x98 obj\debug\spl\src\stm32f10x_gpio.o
 .debug_ranges  0x00000238      0x110 obj\debug\spl\src\stm32f10x_i2c.o
 .debug_ranges  0x00000348      0x108 obj\debug\spl\src\stm32f10x_rcc.o
 .debug_ranges  0x00000450      0x2e0 obj\debug\spl\src\stm32f10x_tim.o
 .debug_ranges  0x00000730       0x50 obj\debug\src\rc5_ir_emul_receiver.o
 .debug_ranges  0x00000780       0x20 obj\debug\src\led_rgb.o
 .debug_ranges  0x000007a0       0x50 obj\debug\src\main.o
 .debug_ranges  0x000007f0       0x18 obj\debug\src\power_management.o
 .debug_ranges  0x00000808       0x50 obj\debug\src\stm32f10x_it.o

.debug_macro    0x00000000     0xf388
 .debug_macro   0x00000000      0x17d obj\debug\spl\src\misc.o
 .debug_macro   0x0000017d      0x81a obj\debug\spl\src\misc.o
 .debug_macro   0x00000997       0x5d obj\debug\spl\src\misc.o
 .debug_macro   0x000009f4       0x3a obj\debug\spl\src\misc.o
 .debug_macro   0x00000a2e       0x16 obj\debug\spl\src\misc.o
 .debug_macro   0x00000a44       0x44 obj\debug\spl\src\misc.o
 .debug_macro   0x00000a88      0x209 obj\debug\spl\src\misc.o
 .debug_macro   0x00000c91       0x18 obj\debug\spl\src\misc.o
 .debug_macro   0x00000ca9      0xa36 obj\debug\spl\src\misc.o
 .debug_macro   0x000016df     0x7eb3 obj\debug\spl\src\misc.o
 .debug_macro   0x00009592      0x2df obj\debug\spl\src\misc.o
 .debug_macro   0x00009871      0x144 obj\debug\spl\src\misc.o
 .debug_macro   0x000099b5      0x3cf obj\debug\spl\src\misc.o
 .debug_macro   0x00009d84       0xc8 obj\debug\spl\src\misc.o
 .debug_macro   0x00009e4c      0x17a obj\debug\spl\src\misc.o
 .debug_macro   0x00009fc6       0xac obj\debug\spl\src\misc.o
 .debug_macro   0x0000a072      0x3ad obj\debug\spl\src\misc.o
 .debug_macro   0x0000a41f       0x9a obj\debug\spl\src\misc.o
 .debug_macro   0x0000a4b9      0x2cf obj\debug\spl\src\misc.o
 .debug_macro   0x0000a788      0x279 obj\debug\spl\src\misc.o
 .debug_macro   0x0000aa01      0x2ac obj\debug\spl\src\misc.o
 .debug_macro   0x0000acad      0x2b1 obj\debug\spl\src\misc.o
 .debug_macro   0x0000af5e       0x64 obj\debug\spl\src\misc.o
 .debug_macro   0x0000afc2       0x82 obj\debug\spl\src\misc.o
 .debug_macro   0x0000b044      0x3e2 obj\debug\spl\src\misc.o
 .debug_macro   0x0000b426       0x58 obj\debug\spl\src\misc.o
 .debug_macro   0x0000b47e      0x341 obj\debug\spl\src\misc.o
 .debug_macro   0x0000b7bf      0x2c4 obj\debug\spl\src\misc.o
 .debug_macro   0x0000ba83      0x711 obj\debug\spl\src\misc.o
 .debug_macro   0x0000c194      0x220 obj\debug\spl\src\misc.o
 .debug_macro   0x0000c3b4       0x34 obj\debug\spl\src\misc.o
 .debug_macro   0x0000c3e8       0x35 obj\debug\spl\src\misc.o
 .debug_macro   0x0000c41d       0x85 obj\debug\spl\src\misc.o
 .debug_macro   0x0000c4a2      0x273 obj\debug\spl\src\stm32f10x_adc.o
 .debug_macro   0x0000c715      0x13e obj\debug\spl\src\stm32f10x_adc.o
 .debug_macro   0x0000c853       0x8b obj\debug\spl\src\stm32f10x_adc.o
 .debug_macro   0x0000c8de      0x17d obj\debug\spl\src\stm32f10x_exti.o
 .debug_macro   0x0000ca5b       0x94 obj\debug\spl\src\stm32f10x_exti.o
 .debug_macro   0x0000caef      0x1c5 obj\debug\spl\src\stm32f10x_gpio.o
 .debug_macro   0x0000ccb4      0x2a6 obj\debug\spl\src\stm32f10x_gpio.o
 .debug_macro   0x0000cf5a      0x249 obj\debug\spl\src\stm32f10x_i2c.o
 .debug_macro   0x0000d1a3      0x2ab obj\debug\spl\src\stm32f10x_i2c.o
 .debug_macro   0x0000d44e      0x293 obj\debug\spl\src\stm32f10x_rcc.o
 .debug_macro   0x0000d6e1      0x3dc obj\debug\spl\src\stm32f10x_rcc.o
 .debug_macro   0x0000dabd      0x18f obj\debug\spl\src\stm32f10x_tim.o
 .debug_macro   0x0000dc4c      0x70b obj\debug\spl\src\stm32f10x_tim.o
 .debug_macro   0x0000e357      0x1a0 obj\debug\src\rc5_ir_emul_receiver.o
 .debug_macro   0x0000e4f7       0x52 obj\debug\src\rc5_ir_emul_receiver.o
 .debug_macro   0x0000e549      0x187 obj\debug\src\led_rgb.o
 .debug_macro   0x0000e6d0      0x28f obj\debug\src\main.o
 .debug_macro   0x0000e95f       0x58 obj\debug\src\main.o
 .debug_macro   0x0000e9b7       0x35 obj\debug\src\main.o
 .debug_macro   0x0000e9ec       0xa2 obj\debug\src\main.o
 .debug_macro   0x0000ea8e      0x16c obj\debug\src\main.o
 .debug_macro   0x0000ebfa       0x52 obj\debug\src\main.o
 .debug_macro   0x0000ec4c       0x16 obj\debug\src\main.o
 .debug_macro   0x0000ec62       0x43 obj\debug\src\main.o
 .debug_macro   0x0000eca5      0x180 obj\debug\src\main.o
 .debug_macro   0x0000ee25      0x1e1 obj\debug\src\main.o
 .debug_macro   0x0000f006       0x16 obj\debug\src\main.o
 .debug_macro   0x0000f01c       0x35 obj\debug\src\main.o
 .debug_macro   0x0000f051       0x16 obj\debug\src\main.o
 .debug_macro   0x0000f067       0x29 obj\debug\src\main.o
 .debug_macro   0x0000f090      0x181 obj\debug\src\power_management.o
 .debug_macro   0x0000f211      0x177 obj\debug\src\stm32f10x_it.o

.debug_line     0x00000000     0x50d2
 .debug_line    0x00000000      0x4ea obj\debug\spl\src\misc.o
 .debug_line    0x000004ea      0x7c0 obj\debug\spl\src\stm32f10x_adc.o
 .debug_line    0x00000caa      0x540 obj\debug\spl\src\stm32f10x_exti.o
 .debug_line    0x000011ea      0x64b obj\debug\spl\src\stm32f10x_gpio.o
 .debug_line    0x00001835      0x761 obj\debug\spl\src\stm32f10x_i2c.o
 .debug_line    0x00001f96      0x75a obj\debug\spl\src\stm32f10x_rcc.o
 .debug_line    0x000026f0      0xd32 obj\debug\spl\src\stm32f10x_tim.o
 .debug_line    0x00003422      0x5db obj\debug\src\rc5_ir_emul_receiver.o
 .debug_line    0x000039fd      0x505 obj\debug\src\led_rgb.o
 .debug_line    0x00003f02      0x70f obj\debug\src\main.o
 .debug_line    0x00004611      0x4e0 obj\debug\src\power_management.o
 .debug_line    0x00004af1       0xa5 obj\debug\src\startup_stm32f10x_md.o
 .debug_line    0x00004b96      0x53c obj\debug\src\stm32f10x_it.o

.debug_str      0x00000000    0x53f6b
 .debug_str     0x00000000    0x4e0cb obj\debug\spl\src\misc.o
                              0x4e230 (size before relaxing)
 .debug_str     0x0004e0cb      0xb67 obj\debug\spl\src\stm32f10x_adc.o
                              0x4eb7e (size before relaxing)
 .debug_str     0x0004ec32      0x1be obj\debug\spl\src\stm32f10x_exti.o
                              0x4e1b3 (size before relaxing)
 .debug_str     0x0004edf0      0x594 obj\debug\spl\src\stm32f10x_gpio.o
                              0x4e5a2 (size before relaxing)
 .debug_str     0x0004f384      0x8cd obj\debug\spl\src\stm32f10x_i2c.o
                              0x4e944 (size before relaxing)
 .debug_str     0x0004fc51      0xad2 obj\debug\spl\src\stm32f10x_rcc.o
                              0x4eb88 (size before relaxing)
 .debug_str     0x00050723      0xbdd obj\debug\spl\src\stm32f10x_tim.o
                              0x4eca6 (size before relaxing)
 .debug_str     0x00051300      0x7c6 obj\debug\src\rc5_ir_emul_receiver.o
                              0x4ec82 (size before relaxing)
 .debug_str     0x00051ac6       0x89 obj\debug\src\led_rgb.o
                              0x4e26f (size before relaxing)
 .debug_str     0x00051b4f     0x2315 obj\debug\src\main.o
                              0x50ccd (size before relaxing)
 .debug_str     0x00053e64       0x52 obj\debug\src\power_management.o
                              0x4e25b (size before relaxing)
 .debug_str     0x00053eb6       0xb5 obj\debug\src\stm32f10x_it.o
                              0x4e046 (size before relaxing)

.debug_frame    0x00000000     0x1d6c
 .debug_frame   0x00000000       0x9c obj\debug\spl\src\misc.o
 .debug_frame   0x0000009c      0x400 obj\debug\spl\src\stm32f10x_adc.o
 .debug_frame   0x0000049c       0xec obj\debug\spl\src\stm32f10x_exti.o
 .debug_frame   0x00000588      0x210 obj\debug\spl\src\stm32f10x_gpio.o
 .debug_frame   0x00000798      0x3b4 obj\debug\spl\src\stm32f10x_i2c.o
 .debug_frame   0x00000b4c      0x388 obj\debug\spl\src\stm32f10x_rcc.o
 .debug_frame   0x00000ed4      0xa20 obj\debug\spl\src\stm32f10x_tim.o
 .debug_frame   0x000018f4      0x120 obj\debug\src\rc5_ir_emul_receiver.o
 .debug_frame   0x00001a14       0x70 obj\debug\src\led_rgb.o
 .debug_frame   0x00001a84      0x11c obj\debug\src\main.o
 .debug_frame   0x00001ba0       0x50 obj\debug\src\power_management.o
 .debug_frame   0x00001bf0       0xe8 obj\debug\src\stm32f10x_it.o
 .debug_frame   0x00001cd8       0x28 c:/program files (x86)/emblocks/2.30/share/em_armgcc/bin/../lib/gcc/arm-none-eabi/4.7.3/../../../../arm-none-eabi/lib/armv7-m\libc_n.a(lib_a-exit.o)
 .debug_frame   0x00001d00       0x2c c:/program files (x86)/emblocks/2.30/share/em_armgcc/bin/../lib/gcc/arm-none-eabi/4.7.3/../../../../arm-none-eabi/lib/armv7-m\libc_n.a(lib_a-init.o)
 .debug_frame   0x00001d2c       0x20 c:/program files (x86)/emblocks/2.30/share/em_armgcc/bin/../lib/gcc/arm-none-eabi/4.7.3/../../../../arm-none-eabi/lib/armv7-m\libc_n.a(lib_a-memset.o)
 .debug_frame   0x00001d4c       0x20 c:/program files (x86)/emblocks/2.30/share/em_armgcc/bin/../lib/gcc/arm-none-eabi/4.7.3/../../../../arm-none-eabi/lib/armv7-m\libnosys.a(_exit.o)
